Archive member included to satisfy reference by file (symbol)

c:/devkitPro/libctru/lib\libsf2d.a(sf2d.o)
                              main.o (sf2d_init)
c:/devkitPro/libctru/lib\libsf2d.a(sf2d_draw.o)
                              main.o (sf2d_draw_rectangle)
c:/devkitPro/libctru/lib\libsf2d.a(sf2d_private.o)
                              c:/devkitPro/libctru/lib\libsf2d.a(sf2d.o) (GPU_SetDummyTexEnv)
c:/devkitPro/libctru/lib\libsf2d.a(shader.vsh.o)
                              c:/devkitPro/libctru/lib\libsf2d.a(sf2d.o) (shader_vsh_shbin_size)
c:/devkitPro/libctru/lib\libctru.a(linear.o)
                              c:/devkitPro/libctru/lib\libsf2d.a(sf2d.o) (linearAlloc)
c:/devkitPro/libctru/lib\libctru.a(mem_pool.o)
                              c:/devkitPro/libctru/lib\libctru.a(linear.o) (MemPool::Allocate(MemChunk&, unsigned long, int))
c:/devkitPro/libctru/lib\libctru.a(vram.o)
                              c:/devkitPro/libctru/lib\libsf2d.a(sf2d.o) (vramMemAlign)
c:/devkitPro/libctru/lib\libctru.a(gfx.o)
                              c:/devkitPro/libctru/lib\libsf2d.a(sf2d.o) (gfxSet3D)
c:/devkitPro/libctru/lib\libctru.a(os.o)
                              c:/devkitPro/libctru/lib\libsf2d.a(sf2d.o) (osConvertVirtToPhys)
c:/devkitPro/libctru/lib\libctru.a(gpu.o)
                              c:/devkitPro/libctru/lib\libsf2d.a(sf2d.o) (GPU_Init)
c:/devkitPro/libctru/lib\libctru.a(gpuResetSequence.o)
                              c:/devkitPro/libctru/lib\libctru.a(gpu.o) (gpuResetSequenceLength)
c:/devkitPro/libctru/lib\libctru.a(shaderProgram.o)
                              c:/devkitPro/libctru/lib\libsf2d.a(sf2d.o) (shaderInstanceGetUniformLocation)
c:/devkitPro/libctru/lib\libctru.a(shbin.o)
                              c:/devkitPro/libctru/lib\libsf2d.a(sf2d.o) (DVLB_Free)
c:/devkitPro/libctru/lib\libctru.a(apt.o)
                              main.o (aptMainLoop)
c:/devkitPro/libctru/lib\libctru.a(gsp.o)
                              c:/devkitPro/libctru/lib\libctru.a(gfx.o) (gspInit)
c:/devkitPro/libctru/lib\libctru.a(gx.o)
                              c:/devkitPro/libctru/lib\libctru.a(gfx.o) (gxCmdBuf)
c:/devkitPro/libctru/lib\libctru.a(hid.o)
                              main.o (hidScanInput)
c:/devkitPro/libctru/lib\libctru.a(irrst.o)
                              c:/devkitPro/libctru/lib\libctru.a(hid.o) (irrstExit)
c:/devkitPro/libctru/lib\libctru.a(rbtree_find.o)
                              c:/devkitPro/libctru/lib\libctru.a(linear.o) (rbtree_find)
c:/devkitPro/libctru/lib\libctru.a(rbtree_init.o)
                              c:/devkitPro/libctru/lib\libctru.a(linear.o) (rbtree_init)
c:/devkitPro/libctru/lib\libctru.a(rbtree_insert.o)
                              c:/devkitPro/libctru/lib\libctru.a(linear.o) (rbtree_insert)
c:/devkitPro/libctru/lib\libctru.a(rbtree_remove.o)
                              c:/devkitPro/libctru/lib\libctru.a(linear.o) (rbtree_remove)
c:/devkitPro/libctru/lib\libctru.a(rbtree_rotate.o)
                              c:/devkitPro/libctru/lib\libctru.a(rbtree_insert.o) (rbtree_rotate)
c:/devkitPro/libctru/lib\libctru.a(allocateHeaps.o)
                              c:/devkitPro/libctru/lib\libctru.a(linear.o) (__linear_heap)
c:/devkitPro/libctru/lib\libctru.a(initArgv.o)
                              c:/devkitpro/devkitarm/bin/../lib/gcc/arm-none-eabi/4.9.2/../../../../arm-none-eabi/lib/armv6k/fpu/3dsx_crt0.o (__system_argc)
c:/devkitPro/libctru/lib\libctru.a(svc.o)
                              c:/devkitPro/libctru/lib\libctru.a(allocateHeaps.o) (svcControlMemory)
c:/devkitPro/libctru/lib\libctru.a(stack_adjust.o)
                              c:/devkitpro/devkitarm/bin/../lib/gcc/arm-none-eabi/4.9.2/../../../../arm-none-eabi/lib/armv6k/fpu/3dsx_crt0.o (initSystem)
c:/devkitPro/libctru/lib\libctru.a(srv.o)
                              c:/devkitPro/libctru/lib\libctru.a(apt.o) (srvGetServiceHandle)
c:/devkitPro/libctru/lib\libctru.a(rbtree_iterator.o)
                              c:/devkitPro/libctru/lib\libctru.a(rbtree_remove.o) (rbtree_node_next)
c:/devkitPro/libctru/lib\libctru.a(appExit.o)
                              c:/devkitPro/libctru/lib\libctru.a(stack_adjust.o) (__appExit)
c:/devkitPro/libctru/lib\libctru.a(appInit.o)
                              c:/devkitPro/libctru/lib\libctru.a(stack_adjust.o) (__appInit)
c:/devkitPro/libctru/lib\libctru.a(ctru_exit.o)
                              c:/devkitPro/libctru/lib\libctru.a(stack_adjust.o) (__libctru_exit)
c:/devkitPro/libctru/lib\libctru.a(initSystem.o)
                              c:/devkitPro/libctru/lib\libctru.a(stack_adjust.o) (__libctru_init)
c:/devkitPro/libctru/lib\libctru.a(sdmc_dev.o)
                              c:/devkitPro/libctru/lib\libctru.a(appInit.o) (sdmcInit)
c:/devkitPro/libctru/lib\libctru.a(fs.o)
                              c:/devkitPro/libctru/lib\libctru.a(appExit.o) (fsExit)
c:/devkitPro/libctru/lib\libctru.a(decode_utf8.o)
[...]
Memory Configuration

Name             Origin             Length             Attributes
*default*        0x00000000         0xffffffff

Linker script and memory map

                0x00100000                . = 0x100000
                0x00100000                __start__ = .

.text           0x00100000     0xdfa0
 *(.crt0)
 .crt0          0x00100000       0x94 c:/devkitpro/devkitarm/bin/../lib/gcc/arm-none-eabi/4.9.2/../../../../arm-none-eabi/lib/armv6k/fpu/3dsx_crt0.o
                0x00100000                _start
                0x00100008                __service_ptr
                0x0010000c                __apt_appid
                0x00100010                __heap_size
                0x00100014                __linear_heap_size
                0x00100018                __system_arglist
                0x0010001c                __system_runflags
 *(.init)
 .init          0x00100094        0xc c:/devkitpro/devkitarm/bin/../lib/gcc/arm-none-eabi/4.9.2/armv6k/fpu/crti.o
                0x00100094                _init
 .init          0x001000a0        0xc c:/devkitpro/devkitarm/bin/../lib/gcc/arm-none-eabi/4.9.2/armv6k/fpu/crtn.o
                0x001000ac                . = ALIGN (0x4)
 *(.text)
 .text          0x001000ac        0x0 c:/devkitpro/devkitarm/bin/../lib/gcc/arm-none-eabi/4.9.2/../../../../arm-none-eabi/lib/armv6k/fpu/3dsx_crt0.o
 .text          0x001000ac        0x0 c:/devkitpro/devkitarm/bin/../lib/gcc/arm-none-eabi/4.9.2/armv6k/fpu/crti.o
 .text          0x001000ac      0x108 c:/devkitpro/devkitarm/bin/../lib/gcc/arm-none-eabi/4.9.2/armv6k/fpu/crtbegin.o
 .text          0x001001b4        0x0 main.o
 .text          0x001001b4        0x0 citra_img.o
 .text          0x001001b4        0x0 dice_img.o
 .text          0x001001b4      0x6d8 c:/devkitPro/libctru/lib\libsf2d.a(sf2d.o)
                0x00100350                sf2d_init
                0x00100378                sf2d_init_advanced
                0x00100398                sf2d_fini
                0x001003f4                sf2d_set_3D
                0x00100400                sf2d_start_frame
                0x00100590                sf2d_end_frame
                0x001006a8                sf2d_swapbuffers
                0x00100758                sf2d_set_vblank_wait
                0x00100768                sf2d_get_fps
                0x00100778                sf2d_pool_malloc
                0x001007a4                sf2d_pool_memalign
                0x001007e4                sf2d_pool_space_free
                0x001007fc                sf2d_pool_reset
                0x00100810                sf2d_set_clear_color
                0x00100820                sf2d_set_scissor_test
                0x0010086c                sf2d_get_current_screen
                0x0010087c                sf2d_get_current_side
 .text          0x0010088c      0x7bc c:/devkitPro/libctru/lib\libsf2d.a(sf2d_draw.o)
                0x0010088c                sf2d_draw_line
                0x00100a60                sf2d_draw_rectangle
                0x00100c14                sf2d_draw_rectangle_rotate
                0x00100e64                sf2d_draw_fill_circle
 .text          0x00101048      0x4f8 c:/devkitPro/libctru/lib\libsf2d.a(sf2d_private.o)
                0x00101048                GPU_SetDummyTexEnv
                0x0010107c                vector_mult_matrix4x4
                0x00101100                matrix_gpu_set_uniform
                0x00101150                matrix_copy
                0x0010118c                matrix_identity4x4
                0x001011d8                matrix_mult4x4
                0x0010124c                matrix_set_z_rotation
                0x001012c0                matrix_rotate_z
                0x00101320                matrix_set_scaling
                0x0010136c                matrix_swap_xy
                0x0010140c                matrix_init_orthographic
                0x00101520                next_pow2
 .text          0x00101540        0x0 c:/devkitPro/libctru/lib\libsf2d.a(shader.vsh.o)
 .text          0x00101540      0x1d4 c:/devkitPro/libctru/lib\libctru.a(linear.o)
                0x00101568                linearMemAlign
                0x001016a8                linearAlloc
                0x001016b0                linearRealloc
                0x001016b8                linearFree
                0x00101708                linearSpaceFree
 .text          0x00101714      0x318 c:/devkitPro/libctru/lib\libctru.a(mem_pool.o)
                0x00101714                MemPool::CoalesceRight(MemBlock*)
                0x001017b4                MemPool::Allocate(MemChunk&, unsigned long, int)
                0x001018f8                MemPool::Deallocate(MemChunk const&)
                0x001019fc                MemPool::GetFreeSpace()
 .text          0x00101a2c      0x1c4 c:/devkitPro/libctru/lib\libctru.a(vram.o)
                0x00101a54                vramMemAlign
                0x00101b84                vramAlloc
                0x00101b8c                vramRealloc
                0x00101b94                vramFree
                0x00101be4                vramSpaceFree
 .text          0x00101bf0      0x72c c:/devkitPro/libctru/lib\libctru.a(gfx.o)
                0x00101c7c                gfxSet3D
                0x00101c8c                gfxSetScreenFormat
                0x00101ca4                gfxGetScreenFormat
                0x00101cbc                gfxSetDoubleBuffering
                0x00101cd0                gfxSetFramebufferInfo
                0x00101d40                gfxWriteFramebufferInfo
                0x00101e04                gfxInit
                0x00101fe4                gfxInitDefault
                0x00101ff4                gfxExit
                0x001020c0                gfxGetFramebuffer
                0x00102170                gfxFlushBuffers
                0x0010224c                gfxSwapBuffers
                0x001022c0                gfxSwapBuffersGpu
 *fill*         0x0010231c        0x4 
 .text          0x00102320      0x278 c:/devkitPro/libctru/lib\libctru.a(os.o)
                0x00102378                osConvertVirtToPhys
                0x001023c4                osConvertOldLINEARMemToNew
                0x001023e4                __libctru_gtod
                0x001024dc                osGetTime
                0x00102550                osGetFirmVersion
                0x00102564                osGetKernelVersion
                0x00102578                osStrError
 .text          0x00102598     0x1a00 c:/devkitPro/libctru/lib\libctru.a(gpu.o)
                0x001025c0                GPU_Init
                0x001025ec                GPUCMD_SetBuffer
                0x00102618                GPUCMD_SetBufferOffset
                0x00102628                GPUCMD_GetBuffer
                0x00102668                GPUCMD_AddRawCommands
                0x001026b4                GPUCMD_Run
                0x00102714                GPUCMD_FlushAndRun
                0x00102788                GPUCMD_Add
                0x0010286c                GPUCMD_Finalize
                0x00102904                GPU_Reset
                0x001030dc                GPU_SetFloatUniform
                0x00103154                f32tof24
                0x0010316c                computeInvValue
                0x00103214                GPU_SetViewport
                0x00103430                GPU_SetScissorTest
                0x0010347c                GPU_DepthMap
                0x00103514                GPU_SetAlphaTest
                0x0010354c                GPU_SetStencilTest
                0x00103594                GPU_SetStencilOp
                0x001035c8                GPU_SetDepthTestAndWriteMask
                0x00103600                GPU_SetAlphaBlending
                0x00103668                GPU_SetColorLogicOp
                0x001036ac                GPU_SetBlendingColor
                0x001036e8                GPU_SetTextureEnable
                0x00103734                GPU_SetTexture
                0x001038cc                GPU_SetAttributeBuffers
                0x00103ac8                GPU_SetAttributeBuffersAddress
                0x00103af4                GPU_SetFaceCulling
                0x00103b20                GPU_SetTexEnv
                0x00103b98                GPU_DrawArray
                0x00103cac                GPU_DrawElements
                0x00103dc8                GPU_FinishDrawing
                0x00103e24                GPU_SetShaderOutmap
                0x00103e6c                GPU_SendShaderCode
                0x00103f24                GPU_SendOperandDescriptors
 .text          0x00103f98        0x0 c:/devkitPro/libctru/lib\libctru.a(gpuResetSequence.o)
 .text          0x00103f98      0x7f4 c:/devkitPro/libctru/lib\libctru.a(shaderProgram.o)
                0x00103f98                shaderInstanceInit
                0x001041a0                shaderInstanceFree
                0x001041d8                shaderInstanceSetBool
                0x00104218                shaderInstanceGetBool
                0x00104264                shaderInstanceGetUniformLocation
                0x00104284                shaderProgramInit
                0x0010429c                shaderProgramFree
                0x001042cc                shaderProgramSetVsh
                0x00104338                shaderProgramSetGsh
                0x001043ac                shaderProgramUse
 .text          0x0010478c      0x348 c:/devkitPro/libctru/lib\libctru.a(shbin.o)
                0x0010478c                DVLB_Free
                0x001047c8                DVLE_GetUniformRegister
                0x00104844                DVLE_GenerateOutmap
                0x0010493c                DVLB_ParseFile
 .text          0x00104ad4     0x18fc c:/devkitPro/libctru/lib\libctru.a(apt.o)
                0x00104b38                aptInitCaptureInfo
                0x00104bec                aptWaitStatusEvent
                0x00104c14                aptGetStatus
                0x00104c4c                aptSetStatus
                0x00104cb0                aptGetStatusPower
                0x00104ce8                aptSetStatusPower
                0x00104d20                aptOpenSession
                0x00104d44                aptCloseSession
                0x00104d6c                aptSignalReadyForSleep
                0x00104d7c                APT_GetLockHandle
                0x00104dcc                APT_Initialize
                0x00104e34                APT_HardwareResetAsync
                0x00104e68                APT_Enable
                0x00104ea4                APT_GetAppletManInfo
                0x00104f24                aptGetMenuAppID
                0x00104f60                APT_IsRegistered
                0x00104fb0                APT_InquireNotification
                0x00105000                APT_PrepareToJumpToHomeMenu
                0x00105034                APT_JumpToHomeMenu
                0x00105084                APT_NotifyToWait
                0x001050c0                APT_AppletUtility
                0x00105148                aptAppletUtility_Exit_RetToApp
                0x00105268                aptAppletClosed
                0x00105388                aptInit
                0x001054dc                APT_GlanceParameter
                0x00105550                APT_ReceiveParameter
                0x001055c4                APT_SendParameter
                0x00105634                APT_SendCaptureBufferInfo
                0x00105680                aptReturnToMenu
                0x00105840                APT_ReplySleepQuery
                0x00105880                APT_ReplySleepNotificationComplete
                0x001058bc                aptEventHandler
                0x00105b88                APT_PrepareToCloseApplication
                0x00105bc4                APT_CloseApplication
                0x00105c1c                aptExit
                0x00105cfc                APT_SetAppCpuTimeLimit
                0x00105d40                APT_GetAppCpuTimeLimit
                0x00105d94                APT_CheckNew3DS_Application
                0x00105de4                APT_CheckNew3DS_System
                0x00105e34                APT_CheckNew3DS
                0x00105eb0                APT_PrepareToDoAppJump
                0x00105efc                APT_DoAppJump
                0x00105f64                APT_PrepareToStartLibraryApplet
                0x00105fa0                APT_StartLibraryApplet
                0x00106000                aptAppletStarted
                0x00106104                aptMainLoop
                0x0010617c                APT_LaunchLibraryApplet
                0x00106334                APT_PrepareToStartSystemApplet
                0x00106370                APT_StartSystemApplet
 .text          0x001063d0      0x8c8 c:/devkitPro/libctru/lib\libctru.a(gsp.o)
                0x001064dc                gspInit
                0x001064f0                gspExit
                0x00106508                gspInitEventHandler
                0x001065d4                gspExitEventHandler
                0x0010662c                gspWaitForEvent
                0x00106684                GSPGPU_WriteHWRegs
                0x001066f4                GSPGPU_WriteHWRegsWithMask
                0x00106780                GSPGPU_ReadHWRegs
                0x001067f0                GSPGPU_SetBufferSwap
                0x00106864                GSPGPU_FlushDataCache
                0x001068b8                GSPGPU_InvalidateDataCache
                0x0010690c                GSPGPU_SetLcdForceBlack
                0x00106948                GSPGPU_TriggerCmdReqQueue
                0x0010697c                GSPGPU_RegisterInterruptRelayQueue
                0x001069e8                GSPGPU_UnregisterInterruptRelayQueue
                0x00106a1c                GSPGPU_AcquireRight
                0x00106a6c                GSPGPU_ReleaseRight
                0x00106aa0                GSPGPU_ImportDisplayCaptureInfo
                0x00106b24                GSPGPU_SaveVramSysArea
                0x00106b58                GSPGPU_RestoreVramSysArea
                0x00106b8c                GSPGPU_SubmitGxCommand
 .text          0x00106c98      0x264 c:/devkitPro/libctru/lib\libctru.a(gx.o)
                0x00106c98                GX_RequestDma
                0x00106cec                GX_SetCommandList_Last
                0x00106d54                GX_SetMemoryFill
                0x00106dc8                GX_SetDisplayTransfer
                0x00106e2c                GX_SetTextureCopy
                0x00106e94                GX_SetCommandList_First
 .text          0x00106efc      0x6e0 c:/devkitPro/libctru/lib\libctru.a(hid.o)
                0x00106efc                hidExit
                0x00106fa0                hidWaitForEvent
                0x00106ff8                hidCheckSectionUpdateTime
                0x00107034                hidScanInput
                0x00107268                hidKeysHeld
                0x00107278                hidKeysDown
                0x00107288                hidKeysUp
                0x00107298                hidTouchRead
                0x001072b0                hidCircleRead
                0x001072c8                hidAccelRead
                0x001072e8                hidGyroRead
                0x00107308                HIDUSER_GetHandles
                0x00107398                hidInit
                0x001074b8                HIDUSER_EnableAccelerometer
                0x001074e4                HIDUSER_DisableAccelerometer
                0x00107510                HIDUSER_EnableGyroscope
                0x0010753c                HIDUSER_DisableGyroscope
                0x00107568                HIDUSER_GetGyroscopeRawToDpsCoefficient
                0x001075a4                HIDUSER_GetSoundVolume
 .text          0x001075dc      0x350 c:/devkitPro/libctru/lib\libctru.a(irrst.o)
                0x001075dc                irrstExit
                0x00107644                irrstWaitForEvent
                0x00107690                irrstCheckSectionUpdateTime
                0x001076cc                irrstScanInput
                0x00107780                irrstKeysHeld
                0x00107798                irrstCstickRead
                0x001077b0                IRRST_GetHandles
                0x00107800                irrstInit
                0x001078c8                IRRST_Initialize
                0x00107900                IRRST_Shutdown
 .text          0x0010792c       0x70 c:/devkitPro/libctru/lib\libctru.a(rbtree_find.o)
                0x0010792c                rbtree_find
 .text          0x0010799c       0x14 c:/devkitPro/libctru/lib\libctru.a(rbtree_init.o)
                0x0010799c                rbtree_init
 .text          0x001079b0      0x1f4 c:/devkitPro/libctru/lib\libctru.a(rbtree_insert.o)
                0x00107b94                rbtree_insert
                0x00107b9c                rbtree_insert_multi
 .text          0x00107ba4      0x340 c:/devkitPro/libctru/lib\libctru.a(rbtree_remove.o)
                0x00107ba4                rbtree_remove
 .text          0x00107ee4       0xac c:/devkitPro/libctru/lib\libctru.a(rbtree_rotate.o)
                0x00107ee4                rbtree_rotate
 .text          0x00107f90       0xa4 c:/devkitPro/libctru/lib\libctru.a(allocateHeaps.o)
                0x00107f90                __system_allocateHeaps
 .text          0x00108034       0xf4 c:/devkitPro/libctru/lib\libctru.a(initArgv.o)
                0x00108034                __system_initArgv
 *fill*         0x00108128        0x8 
 .text          0x00108130      0x320 c:/devkitPro/libctru/lib\libctru.a(svc.o)
                0x00108130                svcControlMemory
                0x00108150                svcQueryMemory
                0x00108180                svcExitProcess
                0x00108188                svcCreateThread
                0x001081a8                svcExitThread
                0x001081b0                svcSleepThread
                0x001081b8                svcSetThreadPriority
                0x001081c0                svcCreateMutex
                0x001081d4                svcReleaseMutex
                0x001081dc                svcCreateEvent
                0x001081f0                svcSignalEvent
                0x001081f8                svcClearEvent
                0x00108200                svcCreateTimer
                0x00108214                svcSetTimer
                0x0010821c                svcCancelTimer
                0x00108224                svcClearTimer
                0x0010822c                svcCreateMemoryBlock
                0x00108244                svcMapMemoryBlock
                0x0010824c                svcUnmapMemoryBlock
                0x00108254                svcCreateAddressArbiter
                0x0010825c                svcArbitrateAddress
                0x0010827c                svcCloseHandle
                0x00108284                svcWaitSynchronization
                0x0010828c                svcWaitSynchronizationN
                0x001082b4                svcDuplicateHandle
                0x001082c8                svcGetSystemTick
                0x001082d0                svcGetSystemInfo
                0x001082f0                svcGetProcessInfo
                0x0010830c                svcConnectToPort
                0x00108320                svcSendSyncRequest
                0x00108328                svcOpenProcess
                0x0010833c                svcGetProcessId
                0x00108350                svcOutputDebugString
                0x00108358                svcCreateSemaphore
                0x0010836c                svcReleaseSemaphore
                0x00108380                svcGetThreadId
                0x00108394                svcCreatePort
                0x001083b4                svcDebugActiveProcess
                0x001083c8                svcBreakDebugProcess
                0x001083d0                svcTerminateDebugProcess
                0x001083d8                svcGetProcessDebugEvent
                0x001083e0                svcContinueDebugEvent
                0x001083e8                svcGetProcessList
                0x00108408                svcReadProcessMemory
                0x00108410                svcMapProcessMemory
                0x00108418                svcUnmapProcessMemory
                0x00108420                svcQueryProcessMemory
                0x00108444                svcGetProcessorID
 .text          0x00108450       0x64 c:/devkitPro/libctru/lib\libctru.a(stack_adjust.o)
                0x00108450                initSystem
                0x00108494                __ctru_exit
 .text          0x001084b4      0x304 c:/devkitPro/libctru/lib\libctru.a(srv.o)
                0x001084b4                __get_handle_from_list
                0x0010854c                __destroy_handle_list
                0x001085a0                srvExit
                0x001085c8                srvRegisterClient
                0x00108600                srvInit
                0x00108668                srvGetServiceHandle
                0x001086e8                srvPmInit
                0x0010873c                srvRegisterProcess
                0x00108784                srvUnregisterProcess
 .text          0x001087b8      0x118 c:/devkitPro/libctru/lib\libctru.a(rbtree_iterator.o)
                0x001087b8                rbtree_node_next
                0x00108844                rbtree_node_prev
 .text          0x001088d0       0x1c c:/devkitPro/libctru/lib\libctru.a(appExit.o)
                0x001088d0                __appExit
 .text          0x001088ec       0x20 c:/devkitPro/libctru/lib\libctru.a(appInit.o)
                0x001088ec                __appInit
 .text          0x0010890c       0x90 c:/devkitPro/libctru/lib\libctru.a(ctru_exit.o)
                0x0010890c                __libctru_exit
 .text          0x0010899c       0x4c c:/devkitPro/libctru/lib\libctru.a(initSystem.o)
                0x0010899c                __libctru_init
 .text          0x001089e8      0xffc c:/devkitPro/libctru/lib\libctru.a(sdmc_dev.o)
                0x00109864                sdmcInit
                0x00109994                sdmcExit
 .text          0x001099e4      0xbfc c:/devkitPro/libctru/lib\libctru.a(fs.o)
                0x001099e4                FS_makePath
                0x00109a10                fsExit
                0x00109a34                FSUSER_Initialize
                0x00109aa8                fsInit
                0x00109b14                FSUSER_OpenFile
                0x00109bc0                FSUSER_OpenFileDirectly
                0x00109c8c                FSUSER_DeleteFile
                0x00109d14                FSUSER_RenameFile
                0x00109dd8                FSUSER_DeleteDirectory
                0x00109e60                FSUSER_DeleteDirectoryRecursively
                0x00109e68                FSUSER_CreateFile
                0x00109f00                FSUSER_CreateDirectory
                0x00109f8c                FSUSER_RenameDirectory
                0x0010a050                FSUSER_OpenDirectory
                0x0010a0e4                FSUSER_OpenArchive
                0x0010a16c                FSUSER_CloseArchive
                0x0010a1c4                FSUSER_GetSdmcArchiveResource
                0x0010a240                FSUSER_GetNandArchiveResource
                0x0010a2bc                FSUSER_IsSdmcDetected
                0x0010a308                FSUSER_IsSdmcWritable
                0x0010a354                FSFILE_Close
                0x0010a398                FSFILE_Read
                0x0010a3f4                FSFILE_Write
                0x0010a458                FSFILE_GetSize
                0x0010a498                FSFILE_SetSize
                0x0010a4c4                FSFILE_GetAttributes
                0x0010a4fc                FSFILE_SetAttributes
                0x0010a524                FSFILE_Flush
                0x0010a548                FSDIR_Read
                0x0010a59c                FSDIR_Close
 .text          0x0010a5e0      0x138 c:/devkitPro/libctru/lib\libctru.a(decode_utf8.o)
                0x0010a5e0                decode_utf8
 .text          0x0010a718       0xe8 c:/devkitPro/libctru/lib\libctru.a(utf16_to_utf8.o)
                0x0010a718                utf16_to_utf8
 .text          0x0010a800       0xb8 c:/devkitPro/libctru/lib\libctru.a(utf8_to_utf16.o)
                0x0010a800                utf8_to_utf16
 .text          0x0010a8b8       0x60 c:/devkitPro/libctru/lib\libctru.a(decode_utf16.o)
                0x0010a8b8                decode_utf16
 .text          0x0010a918       0x68 c:/devkitPro/libctru/lib\libctru.a(encode_utf16.o)
                0x0010a918                encode_utf16
 .text          0x0010a980      0x104 c:/devkitPro/libctru/lib\libctru.a(encode_utf8.o)
                0x0010a980                encode_utf8
 .text          0x0010aa84        0x0 c:/devkitpro/devkitarm/bin/../lib/gcc/arm-none-eabi/4.9.2/../../../../arm-none-eabi/lib/armv6k/fpu\libm.a(lib_a-sf_cos.o)
 .text          0x0010aa84        0x0 c:/devkitpro/devkitarm/bin/../lib/gcc/arm-none-eabi/4.9.2/../../../../arm-none-eabi/lib/armv6k/fpu\libm.a(lib_a-sf_sin.o)
 .text          0x0010aa84        0x0 c:/devkitpro/devkitarm/bin/../lib/gcc/arm-none-eabi/4.9.2/../../../../arm-none-eabi/lib/armv6k/fpu\libm.a(lib_a-ef_rem_pio2.o)
 .text          0x0010aa84        0x0 c:/devkitpro/devkitarm/bin/../lib/gcc/arm-none-eabi/4.9.2/../../../../arm-none-eabi/lib/armv6k/fpu\libm.a(lib_a-kf_cos.o)
 .text          0x0010aa84        0x0 c:/devkitpro/devkitarm/bin/../lib/gcc/arm-none-eabi/4.9.2/../../../../arm-none-eabi/lib/armv6k/fpu\libm.a(lib_a-kf_rem_pio2.o)
 .text          0x0010aa84        0x0 c:/devkitpro/devkitarm/bin/../lib/gcc/arm-none-eabi/4.9.2/../../../../arm-none-eabi/lib/armv6k/fpu\libm.a(lib_a-kf_sin.o)
 .text          0x0010aa84        0x0 c:/devkitpro/devkitarm/bin/../lib/gcc/arm-none-eabi/4.9.2/../../../../arm-none-eabi/lib/armv6k/fpu\libm.a(lib_a-sf_fabs.o)
 .text          0x0010aa84        0x0 c:/devkitpro/devkitarm/bin/../lib/gcc/arm-none-eabi/4.9.2/../../../../arm-none-eabi/lib/armv6k/fpu\libm.a(lib_a-sf_floor.o)
 .text          0x0010aa84        0x0 c:/devkitpro/devkitarm/bin/../lib/gcc/arm-none-eabi/4.9.2/../../../../arm-none-eabi/lib/armv6k/fpu\libm.a(lib_a-sf_scalbn.o)
 .text          0x0010aa84        0x0 c:/devkitpro/devkitarm/bin/../lib/gcc/arm-none-eabi/4.9.2/../../../../arm-none-eabi/lib/armv6k/fpu\libm.a(lib_a-sf_copysign.o)
 .text          0x0010aa84      0x250 c:/devkitpro/devkitarm/bin/../lib/gcc/arm-none-eabi/4.9.2/armv6k/fpu\libgcc.a(_arm_addsubsf3.o)
                0x0010aa84                __aeabi_frsub
                0x0010aa8c                __subsf3
                0x0010aa8c                __aeabi_fsub
                0x0010aa90                __aeabi_fadd
                0x0010aa90                __addsf3
                0x0010ac20                __aeabi_ui2f
                0x0010ac20                __floatunsisf
                0x0010ac28                __aeabi_i2f
                0x0010ac28                __floatsisf
                0x0010ac48                __aeabi_ul2f
                0x0010ac48                __floatundisf
                0x0010ac58                __aeabi_l2f
                0x0010ac58                __floatdisf
 .text          0x0010acd4        0x0 c:/devkitpro/devkitarm/bin/../lib/gcc/arm-none-eabi/4.9.2/../../../../arm-none-eabi/lib/armv6k/fpu\libg.a(lib_a-bsearch.o)
 .text          0x0010acd4        0x0 c:/devkitpro/devkitarm/bin/../lib/gcc/arm-none-eabi/4.9.2/../../../../arm-none-eabi/lib/armv6k/fpu\libg.a(lib_a-fini.o)
 .text          0x0010acd4        0x0 c:/devkitpro/devkitarm/bin/../lib/gcc/arm-none-eabi/4.9.2/../../../../arm-none-eabi/lib/armv6k/fpu\libg.a(lib_a-init.o)
 .text          0x0010acd4        0x0 c:/devkitpro/devkitarm/bin/../lib/gcc/arm-none-eabi/4.9.2/../../../../arm-none-eabi/lib/armv6k/fpu\libg.a(lib_a-malloc.o)
 .text          0x0010acd4        0x0 c:/devkitpro/devkitarm/bin/../lib/gcc/arm-none-eabi/4.9.2/../../../../arm-none-eabi/lib/armv6k/fpu\libg.a(lib_a-mallocr.o)
 .text          0x0010acd4        0x0 c:/devkitpro/devkitarm/bin/../lib/gcc/arm-none-eabi/4.9.2/../../../../arm-none-eabi/lib/armv6k/fpu\libg.a(lib_a-memcpy.o)
 .text          0x0010acd4        0x0 c:/devkitpro/devkitarm/bin/../lib/gcc/arm-none-eabi/4.9.2/../../../../arm-none-eabi/lib/armv6k/fpu\libg.a(lib_a-memset.o)
 .text          0x0010acd4        0x0 c:/devkitpro/devkitarm/bin/../lib/gcc/arm-none-eabi/4.9.2/../../../../arm-none-eabi/lib/armv6k/fpu\libg.a(lib_a-mlock.o)
 .text          0x0010acd4        0x0 c:/devkitpro/devkitarm/bin/../lib/gcc/arm-none-eabi/4.9.2/../../../../arm-none-eabi/lib/armv6k/fpu\libg.a(lib_a-rand.o)
 *fill*         0x0010acd4        0xc 
 .text          0x0010ace0      0x3a0 c:/devkitpro/devkitarm/bin/../lib/gcc/arm-none-eabi/4.9.2/../../../../arm-none-eabi/lib/armv6k/fpu\libg.a(lib_a-strcmp.o)
                0x0010ace8                strcmp
 .text          0x0010b080        0x0 c:/devkitpro/devkitarm/bin/../lib/gcc/arm-none-eabi/4.9.2/../../../../arm-none-eabi/lib/armv6k/fpu\libg.a(lib_a-strcpy.o)
 .text          0x0010b080        0x0 c:/devkitpro/devkitarm/bin/../lib/gcc/arm-none-eabi/4.9.2/../../../../arm-none-eabi/lib/armv6k/fpu\libg.a(lib_a-strlen.o)
 .text          0x0010b080        0x0 c:/devkitpro/devkitarm/bin/../lib/gcc/arm-none-eabi/4.9.2/../../../../arm-none-eabi/lib/armv6k/fpu\libg.a(lib_a-strncat.o)
 .text          0x0010b080        0x0 c:/devkitpro/devkitarm/bin/../lib/gcc/arm-none-eabi/4.9.2/../../../../arm-none-eabi/lib/armv6k/fpu\libg.a(lib_a-strncpy.o)
 .text          0x0010b080        0x0 c:/devkitpro/devkitarm/bin/../lib/gcc/arm-none-eabi/4.9.2/../../../../arm-none-eabi/lib/armv6k/fpu\libg.a(lib_a-time.o)
 .text          0x0010b080        0x0 c:/devkitpro/devkitarm/bin/../lib/gcc/arm-none-eabi/4.9.2/../../../../arm-none-eabi/lib/armv6k/fpu\libg.a(lib_a-freer.o)
 .text          0x0010b080      0x1a8 c:/devkitpro/devkitarm/bin/../lib/gcc/arm-none-eabi/4.9.2/../../../../arm-none-eabi/lib/armv6k/fpu\libsysbase.a(iosupport.o)
                0x0010b080                setDefaultDevice
                0x0010b098                FindDevice
                0x0010b144                RemoveDevice
                0x0010b170                AddDevice
                0x0010b204                GetDeviceOpTab
 .text          0x0010b228       0x2c c:/devkitpro/devkitarm/bin/../lib/gcc/arm-none-eabi/4.9.2/../../../../arm-none-eabi/lib/armv6k/fpu\libsysbase.a(gettod.o)
                0x0010b228                _gettimeofday_r
 .text          0x0010b254       0x70 c:/devkitpro/devkitarm/bin/../lib/gcc/arm-none-eabi/4.9.2/../../../../arm-none-eabi/lib/armv6k/fpu\libsysbase.a(sbrk.o)
                0x0010b254                _sbrk_r
 .text          0x0010b2c4        0x0 c:/devkitpro/devkitarm/bin/../lib/gcc/arm-none-eabi/4.9.2/../../../../arm-none-eabi/lib/armv6k/fpu\libsysbase.a(malloc_vars.o)
 .text          0x0010b2c4      0x3a4 c:/devkitpro/devkitarm/bin/../lib/gcc/arm-none-eabi/4.9.2/../../../../arm-none-eabi/lib/armv6k/fpu\libsysbase.a(chdir.o)
                0x0010b2c4                _concatenate_path
                0x0010b480                chdir
                0x0010b5c8                getcwd
 .text          0x0010b668      0x108 c:/devkitpro/devkitarm/bin/../lib/gcc/arm-none-eabi/4.9.2/../../../../arm-none-eabi/lib/armv6k/fpu\libsysbase.a(syscall_support.o)
                0x0010b668                __libc_lock_init
                0x0010b680                __libc_lock_acquire
                0x0010b698                __libc_lock_try_acquire
                0x0010b6bc                __libc_lock_release
                0x0010b6d4                __libc_lock_close
                0x0010b6ec                __libc_lock_init_recursive
                0x0010b704                __libc_lock_acquire_recursive
                0x0010b71c                __libc_lock_try_acquire_recursive
                0x0010b740                __libc_lock_release_recursive
                0x0010b758                __libc_lock_close_recursive
 .text          0x0010b770       0x28 c:/devkitpro/devkitarm/bin/../lib/gcc/arm-none-eabi/4.9.2/../../../../arm-none-eabi/lib/armv6k/fpu\libsysbase.a(getreent.o)
                0x0010b770                __getreent
 .text          0x0010b798        0x0 c:/devkitpro/devkitarm/bin/../lib/gcc/arm-none-eabi/4.9.2/../../../../arm-none-eabi/lib/armv6k/fpu\libg.a(lib_a-impure.o)
 .text          0x0010b798        0x0 c:/devkitpro/devkitarm/bin/../lib/gcc/arm-none-eabi/4.9.2/../../../../arm-none-eabi/lib/armv6k/fpu\libg.a(lib_a-strchr.o)
 .text          0x0010b798        0x0 c:/devkitpro/devkitarm/bin/../lib/gcc/arm-none-eabi/4.9.2/../../../../arm-none-eabi/lib/armv6k/fpu\libg.a(lib_a-strncmp.o)
 .text          0x0010b798        0x0 c:/devkitpro/devkitarm/bin/../lib/gcc/arm-none-eabi/4.9.2/../../../../arm-none-eabi/lib/armv6k/fpu\libg.a(lib_a-strnlen.o)
 .text          0x0010b798        0x0 c:/devkitpro/devkitarm/bin/../lib/gcc/arm-none-eabi/4.9.2/../../../../arm-none-eabi/lib/armv6k/fpu\libg.a(lib_a-strrchr.o)
 .text          0x0010b798        0x0 c:/devkitpro/devkitarm/bin/../lib/gcc/arm-none-eabi/4.9.2/armv6k/fpu/crtend.o
 .text          0x0010b798        0x0 c:/devkitpro/devkitarm/bin/../lib/gcc/arm-none-eabi/4.9.2/armv6k/fpu/crtn.o
 *(.text.*)
 .text.startup  0x0010b798      0x2fc main.o
                0x0010b798                main
 .text.cosf     0x0010ba94       0xa8 c:/devkitpro/devkitarm/bin/../lib/gcc/arm-none-eabi/4.9.2/../../../../arm-none-eabi/lib/armv6k/fpu\libm.a(lib_a-sf_cos.o)
                0x0010ba94                cosf
 .text.sinf     0x0010bb3c       0xb0 c:/devkitpro/devkitarm/bin/../lib/gcc/arm-none-eabi/4.9.2/../../../../arm-none-eabi/lib/armv6k/fpu\libm.a(lib_a-sf_sin.o)
                0x0010bb3c                sinf
 .text.__ieee754_rem_pio2f
                0x0010bbec      0x2e0 c:/devkitpro/devkitarm/bin/../lib/gcc/arm-none-eabi/4.9.2/../../../../arm-none-eabi/lib/armv6k/fpu\libm.a(lib_a-ef_rem_pio2.o)
                0x0010bbec                __ieee754_rem_pio2f
 .text.__kernel_cosf
                0x0010becc      0x124 c:/devkitpro/devkitarm/bin/../lib/gcc/arm-none-eabi/4.9.2/../../../../arm-none-eabi/lib/armv6k/fpu\libm.a(lib_a-kf_cos.o)
                0x0010becc                __kernel_cosf
 .text.__kernel_rem_pio2f
                0x0010bff0      0x838 c:/devkitpro/devkitarm/bin/../lib/gcc/arm-none-eabi/4.9.2/../../../../arm-none-eabi/lib/armv6k/fpu\libm.a(lib_a-kf_rem_pio2.o)
                0x0010bff0                __kernel_rem_pio2f
 .text.__kernel_sinf
                0x0010c828       0xa0 c:/devkitpro/devkitarm/bin/../lib/gcc/arm-none-eabi/4.9.2/../../../../arm-none-eabi/lib/armv6k/fpu\libm.a(lib_a-kf_sin.o)
                0x0010c828                __kernel_sinf
 .text.fabsf    0x0010c8c8       0x10 c:/devkitpro/devkitarm/bin/../lib/gcc/arm-none-eabi/4.9.2/../../../../arm-none-eabi/lib/armv6k/fpu\libm.a(lib_a-sf_fabs.o)
                0x0010c8c8                fabsf
 .text.floorf   0x0010c8d8       0xb8 c:/devkitpro/devkitarm/bin/../lib/gcc/arm-none-eabi/4.9.2/../../../../arm-none-eabi/lib/armv6k/fpu\libm.a(lib_a-sf_floor.o)
                0x0010c8d8                floorf
 .text.scalbnf  0x0010c990      0x118 c:/devkitpro/devkitarm/bin/../lib/gcc/arm-none-eabi/4.9.2/../../../../arm-none-eabi/lib/armv6k/fpu\libm.a(lib_a-sf_scalbn.o)
                0x0010c990                scalbnf
 .text.copysignf
                0x0010caa8       0x1c c:/devkitpro/devkitarm/bin/../lib/gcc/arm-none-eabi/4.9.2/../../../../arm-none-eabi/lib/armv6k/fpu\libm.a(lib_a-sf_copysign.o)
                0x0010caa8                copysignf
 .text.bsearch  0x0010cac4       0x78 c:/devkitpro/devkitarm/bin/../lib/gcc/arm-none-eabi/4.9.2/../../../../arm-none-eabi/lib/armv6k/fpu\libg.a(lib_a-bsearch.o)
                0x0010cac4                bsearch
 .text.__libc_fini_array
                0x0010cb3c       0x40 c:/devkitpro/devkitarm/bin/../lib/gcc/arm-none-eabi/4.9.2/../../../../arm-none-eabi/lib/armv6k/fpu\libg.a(lib_a-fini.o)
                0x0010cb3c                __libc_fini_array
 .text.__libc_init_array
                0x0010cb7c       0x78 c:/devkitpro/devkitarm/bin/../lib/gcc/arm-none-eabi/4.9.2/../../../../arm-none-eabi/lib/armv6k/fpu\libg.a(lib_a-init.o)
                0x0010cb7c                __libc_init_array
 .text.malloc   0x0010cbf4       0x18 c:/devkitpro/devkitarm/bin/../lib/gcc/arm-none-eabi/4.9.2/../../../../arm-none-eabi/lib/armv6k/fpu\libg.a(lib_a-malloc.o)
                0x0010cbf4                malloc
 .text.free     0x0010cc0c       0x18 c:/devkitpro/devkitarm/bin/../lib/gcc/arm-none-eabi/4.9.2/../../../../arm-none-eabi/lib/armv6k/fpu\libg.a(lib_a-malloc.o)
                0x0010cc0c                free
 .text._malloc_r
                0x0010cc24      0x740 c:/devkitpro/devkitarm/bin/../lib/gcc/arm-none-eabi/4.9.2/../../../../arm-none-eabi/lib/armv6k/fpu\libg.a(lib_a-mallocr.o)
                0x0010cc24                _malloc_r
 .text.memcpy   0x0010d364       0xf4 c:/devkitpro/devkitarm/bin/../lib/gcc/arm-none-eabi/4.9.2/../../../../arm-none-eabi/lib/armv6k/fpu\libg.a(lib_a-memcpy.o)
                0x0010d364                memcpy
 .text.memset   0x0010d458       0xf0 c:/devkitpro/devkitarm/bin/../lib/gcc/arm-none-eabi/4.9.2/../../../../arm-none-eabi/lib/armv6k/fpu\libg.a(lib_a-memset.o)
                0x0010d458                memset
 .text.__malloc_lock
                0x0010d548        0x4 c:/devkitpro/devkitarm/bin/../lib/gcc/arm-none-eabi/4.9.2/../../../../arm-none-eabi/lib/armv6k/fpu\libg.a(lib_a-mlock.o)
                0x0010d548                __malloc_lock
 .text.__malloc_unlock
                0x0010d54c        0x4 c:/devkitpro/devkitarm/bin/../lib/gcc/arm-none-eabi/4.9.2/../../../../arm-none-eabi/lib/armv6k/fpu\libg.a(lib_a-mlock.o)
                0x0010d54c                __malloc_unlock
 .text.srand    0x0010d550       0x1c c:/devkitpro/devkitarm/bin/../lib/gcc/arm-none-eabi/4.9.2/../../../../arm-none-eabi/lib/armv6k/fpu\libg.a(lib_a-rand.o)
                0x0010d550                srand
 .text.rand     0x0010d56c       0x44 c:/devkitpro/devkitarm/bin/../lib/gcc/arm-none-eabi/4.9.2/../../../../arm-none-eabi/lib/armv6k/fpu\libg.a(lib_a-rand.o)
                0x0010d56c                rand
 .text.strcpy   0x0010d5b0       0xf0 c:/devkitpro/devkitarm/bin/../lib/gcc/arm-none-eabi/4.9.2/../../../../arm-none-eabi/lib/armv6k/fpu\libg.a(lib_a-strcpy.o)
                0x0010d5b0                strcpy
 .text.strlen   0x0010d6a0       0x5c c:/devkitpro/devkitarm/bin/../lib/gcc/arm-none-eabi/4.9.2/../../../../arm-none-eabi/lib/armv6k/fpu\libg.a(lib_a-strlen.o)
                0x0010d6a0                strlen
 .text.strncat  0x0010d6fc       0xa4 c:/devkitpro/devkitarm/bin/../lib/gcc/arm-none-eabi/4.9.2/../../../../arm-none-eabi/lib/armv6k/fpu\libg.a(lib_a-strncat.o)
                0x0010d6fc                strncat
 .text.strncpy  0x0010d7a0       0xe0 c:/devkitpro/devkitarm/bin/../lib/gcc/arm-none-eabi/4.9.2/../../../../arm-none-eabi/lib/armv6k/fpu\libg.a(lib_a-strncpy.o)
                0x0010d7a0                strncpy
 .text.time     0x0010d880       0x40 c:/devkitpro/devkitarm/bin/../lib/gcc/arm-none-eabi/4.9.2/../../../../arm-none-eabi/lib/armv6k/fpu\libg.a(lib_a-time.o)
                0x0010d880                time
 .text._malloc_trim_r
                0x0010d8c0       0xf8 c:/devkitpro/devkitarm/bin/../lib/gcc/arm-none-eabi/4.9.2/../../../../arm-none-eabi/lib/armv6k/fpu\libg.a(lib_a-freer.o)
                0x0010d8c0                _malloc_trim_r
 .text._free_r  0x0010d9b8      0x2b4 c:/devkitpro/devkitarm/bin/../lib/gcc/arm-none-eabi/4.9.2/../../../../arm-none-eabi/lib/armv6k/fpu\libg.a(lib_a-freer.o)
                0x0010d9b8                _free_r
 .text.strchr   0x0010dc6c      0x16c c:/devkitpro/devkitarm/bin/../lib/gcc/arm-none-eabi/4.9.2/../../../../arm-none-eabi/lib/armv6k/fpu\libg.a(lib_a-strchr.o)
                0x0010dc6c                strchr
 .text.strncmp  0x0010ddd8      0x110 c:/devkitpro/devkitarm/bin/../lib/gcc/arm-none-eabi/4.9.2/../../../../arm-none-eabi/lib/armv6k/fpu\libg.a(lib_a-strncmp.o)
                0x0010ddd8                strncmp
 .text.strnlen  0x0010dee8       0x5c c:/devkitpro/devkitarm/bin/../lib/gcc/arm-none-eabi/4.9.2/../../../../arm-none-eabi/lib/armv6k/fpu\libg.a(lib_a-strnlen.o)
                0x0010dee8                strnlen
 .text.strrchr  0x0010df44       0x44 c:/devkitpro/devkitarm/bin/../lib/gcc/arm-none-eabi/4.9.2/../../../../arm-none-eabi/lib/armv6k/fpu\libg.a(lib_a-strrchr.o)
                0x0010df44                strrchr
 *(.glue_7)
 .glue_7        0x0010df88        0x0 linker stubs
 *(.glue_7t)
 .glue_7t       0x0010df88        0x0 linker stubs
 *(.stub)
 *(.gnu.warning)
 *(.gnu.linkonce.t*)
                0x0010df88                . = ALIGN (0x4)
 *(.fini)
 .fini          0x0010df88        0xc c:/devkitpro/devkitarm/bin/../lib/gcc/arm-none-eabi/4.9.2/armv6k/fpu/crti.o
                0x0010df88                _fini
 .fini          0x0010df94        0xc c:/devkitpro/devkitarm/bin/../lib/gcc/arm-none-eabi/4.9.2/armv6k/fpu/crtn.o
                0x0010dfa0                . = ALIGN (0x4)

.vfp11_veneer   0x0010dfa0        0x0
 .vfp11_veneer  0x0010dfa0        0x0 linker stubs

.v4_bx          0x0010dfa0        0x0
 .v4_bx         0x0010dfa0        0x0 linker stubs

.iplt           0x0010dfa0        0x0
 .iplt          0x0010dfa0        0x0 c:/devkitpro/devkitarm/bin/../lib/gcc/arm-none-eabi/4.9.2/../../../../arm-none-eabi/lib/armv6k/fpu/3dsx_crt0.o

.rodata         0x0010e000    0x210e0
 *(.rodata)
 .rodata        0x0010e000    0x10010 citra_img.o
                0x0010e000                citra_img
 .rodata        0x0011e010    0x10948 dice_img.o
                0x0011e010                dice_img
 .rodata        0x0012e958      0x158 c:/devkitPro/libctru/lib\libsf2d.a(shader.vsh.o)
                0x0012e958                shader_vsh_shbin
                0x0012eaab                shader_vsh_shbin_end
                0x0012eaac                shader_vsh_shbin_size
 .rodata        0x0012eab0       0x14 c:/devkitPro/libctru/lib\libctru.a(gfx.o)
 .rodata        0x0012eac4       0x2c c:/devkitPro/libctru/lib\libctru.a(os.o)
 .rodata        0x0012eaf0        0xc c:/devkitPro/libctru/lib\libctru.a(gpu.o)
                0x0012eaf0                GPU_FORMATSIZE
                0x0012eaf4                GPU_TEVID
 .rodata        0x0012eafc        0x8 c:/devkitPro/libctru/lib\libctru.a(shaderProgram.o)
 .rodata        0x0012eb04       0x24 c:/devkitPro/libctru/lib\libctru.a(shbin.o)
 .rodata        0x0012eb28        0xc c:/devkitPro/libctru/lib\libctru.a(apt.o)
 .rodata        0x0012eb34       0x30 c:/devkitPro/libctru/lib\libctru.a(sdmc_dev.o)
 .rodata        0x0012eb64       0x68 c:/devkitpro/devkitarm/bin/../lib/gcc/arm-none-eabi/4.9.2/../../../../arm-none-eabi/lib/armv6k/fpu\libsysbase.a(iosupport.o)
                0x0012eb64                dotab_stdnull
 .rodata        0x0012ebcc        0xc c:/devkitpro/devkitarm/bin/../lib/gcc/arm-none-eabi/4.9.2/../../../../arm-none-eabi/lib/armv6k/fpu\libsysbase.a(chdir.o)
                0x0012ebcc                DIRECTORY_PARENT
                0x0012ebd0                DIRECTORY_THIS
                0x0012ebd4                DIRECTORY_SEPARATOR
 *(.roda)
 *(.rodata.*)
 .rodata.str1.4
                0x0012ebd8        0xb c:/devkitPro/libctru/lib\libsf2d.a(sf2d.o)
                                  0xc (size before relaxing)
 *fill*         0x0012ebe3        0x1 
 .rodata.str1.4
                0x0012ebe4       0xc4 c:/devkitPro/libctru/lib\libctru.a(os.o)
 .rodata.str1.4
                0x0012eca8       0x16 c:/devkitPro/libctru/lib\libctru.a(apt.o)
                                 0x18 (size before relaxing)
 *fill*         0x0012ecbe        0x2 
 .rodata.str1.4
                0x0012ecc0        0x9 c:/devkitPro/libctru/lib\libctru.a(gsp.o)
                                  0xc (size before relaxing)
 *fill*         0x0012ecc9        0x3 
 .rodata.str1.4
                0x0012eccc        0x9 c:/devkitPro/libctru/lib\libctru.a(hid.o)
                                  0xc (size before relaxing)
 *fill*         0x0012ecd5        0x3 
 .rodata.str1.4
                0x0012ecd8        0x7 c:/devkitPro/libctru/lib\libctru.a(irrst.o)
                                  0x8 (size before relaxing)
 *fill*         0x0012ecdf        0x1 
 .rodata.str1.4
                0x0012ece0        0xf c:/devkitPro/libctru/lib\libctru.a(srv.o)
                                 0x10 (size before relaxing)
 *fill*         0x0012ecef        0x1 
 .rodata.str1.4
                0x0012ecf0        0x5 c:/devkitPro/libctru/lib\libctru.a(sdmc_dev.o)
                                  0xc (size before relaxing)
 *fill*         0x0012ecf5        0x3 
 .rodata.str1.4
                0x0012ecf8        0x8 c:/devkitPro/libctru/lib\libctru.a(fs.o)
 .rodata.npio2_hw
                0x0012ed00       0x80 c:/devkitpro/devkitarm/bin/../lib/gcc/arm-none-eabi/4.9.2/../../../../arm-none-eabi/lib/armv6k/fpu\libm.a(lib_a-ef_rem_pio2.o)
 .rodata.two_over_pi
                0x0012ed80      0x318 c:/devkitpro/devkitarm/bin/../lib/gcc/arm-none-eabi/4.9.2/../../../../arm-none-eabi/lib/armv6k/fpu\libm.a(lib_a-ef_rem_pio2.o)
 .rodata.init_jk
                0x0012f098        0xc c:/devkitpro/devkitarm/bin/../lib/gcc/arm-none-eabi/4.9.2/../../../../arm-none-eabi/lib/armv6k/fpu\libm.a(lib_a-kf_rem_pio2.o)
 .rodata.PIo2   0x0012f0a4       0x2c c:/devkitpro/devkitarm/bin/../lib/gcc/arm-none-eabi/4.9.2/../../../../arm-none-eabi/lib/armv6k/fpu\libm.a(lib_a-kf_rem_pio2.o)
 .rodata.str1.4
                0x0012f0d0        0x8 c:/devkitpro/devkitarm/bin/../lib/gcc/arm-none-eabi/4.9.2/../../../../arm-none-eabi/lib/armv6k/fpu\libsysbase.a(iosupport.o)
 .rodata.str1.4
                0x0012f0d8        0x4 c:/devkitpro/devkitarm/bin/../lib/gcc/arm-none-eabi/4.9.2/../../../../arm-none-eabi/lib/armv6k/fpu\libg.a(lib_a-impure.o)
 .rodata._global_impure_ptr
                0x0012f0dc        0x4 c:/devkitpro/devkitarm/bin/../lib/gcc/arm-none-eabi/4.9.2/../../../../arm-none-eabi/lib/armv6k/fpu\libg.a(lib_a-impure.o)
                0x0012f0dc                _global_impure_ptr
 *all.rodata*(*)
 *(.gnu.linkonce.r*)
                0x0012f0e0                . = ALIGN (0x4)

.rel.dyn        0x0012f0e0        0x0
 .rel.iplt      0x0012f0e0        0x0 c:/devkitpro/devkitarm/bin/../lib/gcc/arm-none-eabi/4.9.2/../../../../arm-none-eabi/lib/armv6k/fpu/3dsx_crt0.o

.ARM.extab
 *(.ARM.extab* .gnu.linkonce.armextab.*)
                0x0012f0e0                __exidx_start = .

ARM.exidx
 *(.ARM.exidx* .gnu.linkonce.armexidx.*)
                0x0012f0e0                __exidx_end = .

.data           0x00130000     0x2e64
 *(.data)
 .data          0x00130000        0x0 c:/devkitpro/devkitarm/bin/../lib/gcc/arm-none-eabi/4.9.2/../../../../arm-none-eabi/lib/armv6k/fpu/3dsx_crt0.o
 .data          0x00130000        0x0 c:/devkitpro/devkitarm/bin/../lib/gcc/arm-none-eabi/4.9.2/armv6k/fpu/crti.o
 .data          0x00130000        0x4 c:/devkitpro/devkitarm/bin/../lib/gcc/arm-none-eabi/4.9.2/armv6k/fpu/crtbegin.o
                0x00130000                __dso_handle
 .data          0x00130004        0x4 main.o
                0x00130004                testaccel
 .data          0x00130008        0x0 citra_img.o
 .data          0x00130008        0x0 dice_img.o
 .data          0x00130008        0xc c:/devkitPro/libctru/lib\libsf2d.a(sf2d.o)
 .data          0x00130014        0x0 c:/devkitPro/libctru/lib\libsf2d.a(sf2d_draw.o)
 .data          0x00130014        0x0 c:/devkitPro/libctru/lib\libsf2d.a(sf2d_private.o)
 .data          0x00130014        0x0 c:/devkitPro/libctru/lib\libsf2d.a(shader.vsh.o)
 .data          0x00130014        0x0 c:/devkitPro/libctru/lib\libctru.a(linear.o)
 .data          0x00130014        0x0 c:/devkitPro/libctru/lib\libctru.a(mem_pool.o)
 .data          0x00130014        0x0 c:/devkitPro/libctru/lib\libctru.a(vram.o)
 .data          0x00130014        0xc c:/devkitPro/libctru/lib\libctru.a(gfx.o)
 .data          0x00130020        0x0 c:/devkitPro/libctru/lib\libctru.a(os.o)
 .data          0x00130020        0x0 c:/devkitPro/libctru/lib\libctru.a(gpu.o)
 .data          0x00130020      0x53c c:/devkitPro/libctru/lib\libctru.a(gpuResetSequence.o)
                0x00130020                gpuResetSequenceLength
                0x00130024                gpuResetSequence
 .data          0x0013055c        0x0 c:/devkitPro/libctru/lib\libctru.a(shaderProgram.o)
 .data          0x0013055c        0x0 c:/devkitPro/libctru/lib\libctru.a(shbin.o)
 .data          0x0013055c        0x0 c:/devkitPro/libctru/lib\libctru.a(apt.o)
 .data          0x0013055c        0x0 c:/devkitPro/libctru/lib\libctru.a(gsp.o)
 .data          0x0013055c        0x0 c:/devkitPro/libctru/lib\libctru.a(gx.o)
 .data          0x0013055c        0x0 c:/devkitPro/libctru/lib\libctru.a(hid.o)
 .data          0x0013055c        0x0 c:/devkitPro/libctru/lib\libctru.a(irrst.o)
 .data          0x0013055c        0x0 c:/devkitPro/libctru/lib\libctru.a(rbtree_find.o)
 .data          0x0013055c        0x0 c:/devkitPro/libctru/lib\libctru.a(rbtree_init.o)
 .data          0x0013055c        0x0 c:/devkitPro/libctru/lib\libctru.a(rbtree_insert.o)
 .data          0x0013055c        0x0 c:/devkitPro/libctru/lib\libctru.a(rbtree_remove.o)
 .data          0x0013055c        0x0 c:/devkitPro/libctru/lib\libctru.a(rbtree_rotate.o)
 .data          0x0013055c        0x0 c:/devkitPro/libctru/lib\libctru.a(allocateHeaps.o)
 .data          0x0013055c        0x0 c:/devkitPro/libctru/lib\libctru.a(initArgv.o)
 .data          0x0013055c        0x0 c:/devkitPro/libctru/lib\libctru.a(svc.o)
 .data          0x0013055c        0x4 c:/devkitPro/libctru/lib\libctru.a(stack_adjust.o)
                0x0013055c                __stacksize__
 .data          0x00130560        0x0 c:/devkitPro/libctru/lib\libctru.a(srv.o)
 .data          0x00130560        0x0 c:/devkitPro/libctru/lib\libctru.a(rbtree_iterator.o)
 .data          0x00130560        0x0 c:/devkitPro/libctru/lib\libctru.a(appExit.o)
 .data          0x00130560        0x0 c:/devkitPro/libctru/lib\libctru.a(appInit.o)
 .data          0x00130560        0x0 c:/devkitPro/libctru/lib\libctru.a(ctru_exit.o)
 .data          0x00130560        0x0 c:/devkitPro/libctru/lib\libctru.a(initSystem.o)
 .data          0x00130560     0x1084 c:/devkitPro/libctru/lib\libctru.a(sdmc_dev.o)
 .data          0x001315e4        0x0 c:/devkitPro/libctru/lib\libctru.a(fs.o)
 .data          0x001315e4        0x0 c:/devkitPro/libctru/lib\libctru.a(decode_utf8.o)
 .data          0x001315e4        0x0 c:/devkitPro/libctru/lib\libctru.a(utf16_to_utf8.o)
 .data          0x001315e4        0x0 c:/devkitPro/libctru/lib\libctru.a(utf8_to_utf16.o)
 .data          0x001315e4        0x0 c:/devkitPro/libctru/lib\libctru.a(decode_utf16.o)
 .data          0x001315e4        0x0 c:/devkitPro/libctru/lib\libctru.a(encode_utf16.o)
 .data          0x001315e4        0x0 c:/devkitPro/libctru/lib\libctru.a(encode_utf8.o)
 .data          0x001315e4        0x0 c:/devkitpro/devkitarm/bin/../lib/gcc/arm-none-eabi/4.9.2/../../../../arm-none-eabi/lib/armv6k/fpu\libm.a(lib_a-sf_cos.o)
 .data          0x001315e4        0x0 c:/devkitpro/devkitarm/bin/../lib/gcc/arm-none-eabi/4.9.2/../../../../arm-none-eabi/lib/armv6k/fpu\libm.a(lib_a-sf_sin.o)
 .data          0x001315e4        0x0 c:/devkitpro/devkitarm/bin/../lib/gcc/arm-none-eabi/4.9.2/../../../../arm-none-eabi/lib/armv6k/fpu\libm.a(lib_a-ef_rem_pio2.o)
 .data          0x001315e4        0x0 c:/devkitpro/devkitarm/bin/../lib/gcc/arm-none-eabi/4.9.2/../../../../arm-none-eabi/lib/armv6k/fpu\libm.a(lib_a-kf_cos.o)
 .data          0x001315e4        0x0 c:/devkitpro/devkitarm/bin/../lib/gcc/arm-none-eabi/4.9.2/../../../../arm-none-eabi/lib/armv6k/fpu\libm.a(lib_a-kf_rem_pio2.o)
 .data          0x001315e4        0x0 c:/devkitpro/devkitarm/bin/../lib/gcc/arm-none-eabi/4.9.2/../../../../arm-none-eabi/lib/armv6k/fpu\libm.a(lib_a-kf_sin.o)
 .data          0x001315e4        0x0 c:/devkitpro/devkitarm/bin/../lib/gcc/arm-none-eabi/4.9.2/../../../../arm-none-eabi/lib/armv6k/fpu\libm.a(lib_a-sf_fabs.o)
 .data          0x001315e4        0x0 c:/devkitpro/devkitarm/bin/../lib/gcc/arm-none-eabi/4.9.2/../../../../arm-none-eabi/lib/armv6k/fpu\libm.a(lib_a-sf_floor.o)
 .data          0x001315e4        0x0 c:/devkitpro/devkitarm/bin/../lib/gcc/arm-none-eabi/4.9.2/../../../../arm-none-eabi/lib/armv6k/fpu\libm.a(lib_a-sf_scalbn.o)
 .data          0x001315e4        0x0 c:/devkitpro/devkitarm/bin/../lib/gcc/arm-none-eabi/4.9.2/../../../../arm-none-eabi/lib/armv6k/fpu\libm.a(lib_a-sf_copysign.o)
 .data          0x001315e4        0x0 c:/devkitpro/devkitarm/bin/../lib/gcc/arm-none-eabi/4.9.2/armv6k/fpu\libgcc.a(_arm_addsubsf3.o)
 .data          0x001315e4        0x0 c:/devkitpro/devkitarm/bin/../lib/gcc/arm-none-eabi/4.9.2/../../../../arm-none-eabi/lib/armv6k/fpu\libg.a(lib_a-bsearch.o)
 .data          0x001315e4        0x0 c:/devkitpro/devkitarm/bin/../lib/gcc/arm-none-eabi/4.9.2/../../../../arm-none-eabi/lib/armv6k/fpu\libg.a(lib_a-fini.o)
 .data          0x001315e4        0x0 c:/devkitpro/devkitarm/bin/../lib/gcc/arm-none-eabi/4.9.2/../../../../arm-none-eabi/lib/armv6k/fpu\libg.a(lib_a-init.o)
 .data          0x001315e4        0x0 c:/devkitpro/devkitarm/bin/../lib/gcc/arm-none-eabi/4.9.2/../../../../arm-none-eabi/lib/armv6k/fpu\libg.a(lib_a-malloc.o)
 .data          0x001315e4        0x0 c:/devkitpro/devkitarm/bin/../lib/gcc/arm-none-eabi/4.9.2/../../../../arm-none-eabi/lib/armv6k/fpu\libg.a(lib_a-mallocr.o)
 .data          0x001315e4        0x0 c:/devkitpro/devkitarm/bin/../lib/gcc/arm-none-eabi/4.9.2/../../../../arm-none-eabi/lib/armv6k/fpu\libg.a(lib_a-memcpy.o)
 .data          0x001315e4        0x0 c:/devkitpro/devkitarm/bin/../lib/gcc/arm-none-eabi/4.9.2/../../../../arm-none-eabi/lib/armv6k/fpu\libg.a(lib_a-memset.o)
 .data          0x001315e4        0x0 c:/devkitpro/devkitarm/bin/../lib/gcc/arm-none-eabi/4.9.2/../../../../arm-none-eabi/lib/armv6k/fpu\libg.a(lib_a-mlock.o)
 .data          0x001315e4        0x0 c:/devkitpro/devkitarm/bin/../lib/gcc/arm-none-eabi/4.9.2/../../../../arm-none-eabi/lib/armv6k/fpu\libg.a(lib_a-rand.o)
 .data          0x001315e4        0x0 c:/devkitpro/devkitarm/bin/../lib/gcc/arm-none-eabi/4.9.2/../../../../arm-none-eabi/lib/armv6k/fpu\libg.a(lib_a-strcmp.o)
 .data          0x001315e4        0x0 c:/devkitpro/devkitarm/bin/../lib/gcc/arm-none-eabi/4.9.2/../../../../arm-none-eabi/lib/armv6k/fpu\libg.a(lib_a-strcpy.o)
 .data          0x001315e4        0x0 c:/devkitpro/devkitarm/bin/../lib/gcc/arm-none-eabi/4.9.2/../../../../arm-none-eabi/lib/armv6k/fpu\libg.a(lib_a-strlen.o)
 .data          0x001315e4        0x0 c:/devkitpro/devkitarm/bin/../lib/gcc/arm-none-eabi/4.9.2/../../../../arm-none-eabi/lib/armv6k/fpu\libg.a(lib_a-strncat.o)
 .data          0x001315e4        0x0 c:/devkitpro/devkitarm/bin/../lib/gcc/arm-none-eabi/4.9.2/../../../../arm-none-eabi/lib/armv6k/fpu\libg.a(lib_a-strncpy.o)
 .data          0x001315e4        0x0 c:/devkitpro/devkitarm/bin/../lib/gcc/arm-none-eabi/4.9.2/../../../../arm-none-eabi/lib/armv6k/fpu\libg.a(lib_a-time.o)
 .data          0x001315e4        0x0 c:/devkitpro/devkitarm/bin/../lib/gcc/arm-none-eabi/4.9.2/../../../../arm-none-eabi/lib/armv6k/fpu\libg.a(lib_a-freer.o)
 .data          0x001315e4       0x44 c:/devkitpro/devkitarm/bin/../lib/gcc/arm-none-eabi/4.9.2/../../../../arm-none-eabi/lib/armv6k/fpu\libsysbase.a(iosupport.o)
                0x001315e8                devoptab_list
 .data          0x00131628        0x0 c:/devkitpro/devkitarm/bin/../lib/gcc/arm-none-eabi/4.9.2/../../../../arm-none-eabi/lib/armv6k/fpu\libsysbase.a(gettod.o)
 .data          0x00131628        0x0 c:/devkitpro/devkitarm/bin/../lib/gcc/arm-none-eabi/4.9.2/../../../../arm-none-eabi/lib/armv6k/fpu\libsysbase.a(sbrk.o)
 .data          0x00131628        0x0 c:/devkitpro/devkitarm/bin/../lib/gcc/arm-none-eabi/4.9.2/../../../../arm-none-eabi/lib/armv6k/fpu\libsysbase.a(malloc_vars.o)
 .data          0x00131628     0x1000 c:/devkitpro/devkitarm/bin/../lib/gcc/arm-none-eabi/4.9.2/../../../../arm-none-eabi/lib/armv6k/fpu\libsysbase.a(chdir.o)
 .data          0x00132628        0x0 c:/devkitpro/devkitarm/bin/../lib/gcc/arm-none-eabi/4.9.2/../../../../arm-none-eabi/lib/armv6k/fpu\libsysbase.a(syscall_support.o)
 .data          0x00132628        0x0 c:/devkitpro/devkitarm/bin/../lib/gcc/arm-none-eabi/4.9.2/../../../../arm-none-eabi/lib/armv6k/fpu\libsysbase.a(getreent.o)
 .data          0x00132628        0x0 c:/devkitpro/devkitarm/bin/../lib/gcc/arm-none-eabi/4.9.2/../../../../arm-none-eabi/lib/armv6k/fpu\libg.a(lib_a-impure.o)
 .data          0x00132628        0x0 c:/devkitpro/devkitarm/bin/../lib/gcc/arm-none-eabi/4.9.2/../../../../arm-none-eabi/lib/armv6k/fpu\libg.a(lib_a-strchr.o)
 .data          0x00132628        0x0 c:/devkitpro/devkitarm/bin/../lib/gcc/arm-none-eabi/4.9.2/../../../../arm-none-eabi/lib/armv6k/fpu\libg.a(lib_a-strncmp.o)
 .data          0x00132628        0x0 c:/devkitpro/devkitarm/bin/../lib/gcc/arm-none-eabi/4.9.2/../../../../arm-none-eabi/lib/armv6k/fpu\libg.a(lib_a-strnlen.o)
 .data          0x00132628        0x0 c:/devkitpro/devkitarm/bin/../lib/gcc/arm-none-eabi/4.9.2/../../../../arm-none-eabi/lib/armv6k/fpu\libg.a(lib_a-strrchr.o)
 .data          0x00132628        0x0 c:/devkitpro/devkitarm/bin/../lib/gcc/arm-none-eabi/4.9.2/armv6k/fpu/crtend.o
 .data          0x00132628        0x0 c:/devkitpro/devkitarm/bin/../lib/gcc/arm-none-eabi/4.9.2/armv6k/fpu/crtn.o
 *(.data.*)
 .data.__malloc_av_
                0x00132628      0x408 c:/devkitpro/devkitarm/bin/../lib/gcc/arm-none-eabi/4.9.2/../../../../arm-none-eabi/lib/armv6k/fpu\libg.a(lib_a-mallocr.o)
                0x00132628                __malloc_av_
 .data.__malloc_trim_threshold
                0x00132a30        0x4 c:/devkitpro/devkitarm/bin/../lib/gcc/arm-none-eabi/4.9.2/../../../../arm-none-eabi/lib/armv6k/fpu\libg.a(lib_a-mallocr.o)
                0x00132a30                __malloc_trim_threshold
 .data.__malloc_sbrk_base
                0x00132a34        0x4 c:/devkitpro/devkitarm/bin/../lib/gcc/arm-none-eabi/4.9.2/../../../../arm-none-eabi/lib/armv6k/fpu\libg.a(lib_a-mallocr.o)
                0x00132a34                __malloc_sbrk_base
 .data.impure_data
                0x00132a38      0x428 c:/devkitpro/devkitarm/bin/../lib/gcc/arm-none-eabi/4.9.2/../../../../arm-none-eabi/lib/armv6k/fpu\libg.a(lib_a-impure.o)
 .data._impure_ptr
                0x00132e60        0x4 c:/devkitpro/devkitarm/bin/../lib/gcc/arm-none-eabi/4.9.2/../../../../arm-none-eabi/lib/armv6k/fpu\libg.a(lib_a-impure.o)
                0x00132e60                _impure_ptr
 *(.gnu.linkonce.d*)
                0x00132e64                . = ALIGN (0x4)

.igot.plt       0x00132e64        0x0
 .igot.plt      0x00132e64        0x0 c:/devkitpro/devkitarm/bin/../lib/gcc/arm-none-eabi/4.9.2/../../../../arm-none-eabi/lib/armv6k/fpu/3dsx_crt0.o

.eh_frame       0x00132e64       0x74
 .eh_frame      0x00132e64        0x0 c:/devkitpro/devkitarm/bin/../lib/gcc/arm-none-eabi/4.9.2/armv6k/fpu/crtbegin.o
 .eh_frame      0x00132e64       0x70 c:/devkitpro/devkitarm/bin/../lib/gcc/arm-none-eabi/4.9.2/../../../../arm-none-eabi/lib/armv6k/fpu\libg.a(lib_a-strcmp.o)
 .eh_frame      0x00132ed4        0x4 c:/devkitpro/devkitarm/bin/../lib/gcc/arm-none-eabi/4.9.2/armv6k/fpu/crtend.o

.jcr            0x00132ed8        0x4
 .jcr           0x00132ed8        0x0 c:/devkitpro/devkitarm/bin/../lib/gcc/arm-none-eabi/4.9.2/armv6k/fpu/crtbegin.o
 .jcr           0x00132ed8        0x4 c:/devkitpro/devkitarm/bin/../lib/gcc/arm-none-eabi/4.9.2/armv6k/fpu/crtend.o

.tm_clone_table
                0x00132edc        0x0
 .tm_clone_table
                0x00132edc        0x0 c:/devkitpro/devkitarm/bin/../lib/gcc/arm-none-eabi/4.9.2/armv6k/fpu/crtbegin.o
 .tm_clone_table
                0x00132edc        0x0 c:/devkitpro/devkitarm/bin/../lib/gcc/arm-none-eabi/4.9.2/armv6k/fpu/crtend.o
                0x00132edc                __TMC_END__

.preinit_array  0x00132edc        0x0
                0x00132edc                PROVIDE (__preinit_array_start, .)
 *(.preinit_array)
                0x00132edc                PROVIDE (__preinit_array_end, .)

.init_array     0x00132edc        0x4
                0x00132edc                PROVIDE (__init_array_start, .)
 *(SORT(.init_array.*))
 *(.init_array)
 .init_array    0x00132edc        0x4 c:/devkitpro/devkitarm/bin/../lib/gcc/arm-none-eabi/4.9.2/armv6k/fpu/crtbegin.o
                0x00132ee0                PROVIDE (__init_array_end, .)

.fini_array     0x00132ee0        0x4
                0x00132ee0                PROVIDE (__fini_array_start, .)
 *(.fini_array)
 .fini_array    0x00132ee0        0x4 c:/devkitpro/devkitarm/bin/../lib/gcc/arm-none-eabi/4.9.2/armv6k/fpu/crtbegin.o
 *(SORT(.fini_array.*))
                0x00132ee4                PROVIDE (__fini_array_end, .)

.ctors
 *crtbegin.o(.ctors)
 *(EXCLUDE_FILE(*crtend.o) .ctors)
 *(SORT(.ctors.*))
 *(.ctors)

.dtors
 *crtbegin.o(.dtors)
 *(EXCLUDE_FILE(*crtend.o) .dtors)
 *(SORT(.dtors.*))
 *(.dtors)
                0x00132ee4                __bss_start__ = .

.bss            0x00132ee4     0xb774
 *(.dynbss)
 *(.bss)
 .bss           0x00132ee4        0x0 c:/devkitpro/devkitarm/bin/../lib/gcc/arm-none-eabi/4.9.2/../../../../arm-none-eabi/lib/armv6k/fpu/3dsx_crt0.o
 .bss           0x00132ee4        0x0 c:/devkitpro/devkitarm/bin/../lib/gcc/arm-none-eabi/4.9.2/armv6k/fpu/crti.o
 .bss           0x00132ee4       0x1c c:/devkitpro/devkitarm/bin/../lib/gcc/arm-none-eabi/4.9.2/armv6k/fpu/crtbegin.o
 .bss           0x00132f00        0x4 main.o
                0x00132f00                frames
 .bss           0x00132f04        0x0 citra_img.o
 .bss           0x00132f04        0x0 dice_img.o
 *fill*         0x00132f04        0x4 
 .bss           0x00132f08       0xc8 c:/devkitPro/libctru/lib\libsf2d.a(sf2d.o)
 .bss           0x00132fd0        0x0 c:/devkitPro/libctru/lib\libsf2d.a(sf2d_draw.o)
 .bss           0x00132fd0        0x0 c:/devkitPro/libctru/lib\libsf2d.a(sf2d_private.o)
 .bss           0x00132fd0        0x0 c:/devkitPro/libctru/lib\libsf2d.a(shader.vsh.o)
 .bss           0x00132fd0       0x14 c:/devkitPro/libctru/lib\libctru.a(linear.o)
 .bss           0x00132fe4        0x0 c:/devkitPro/libctru/lib\libctru.a(mem_pool.o)
 .bss           0x00132fe4       0x14 c:/devkitPro/libctru/lib\libctru.a(vram.o)
 .bss           0x00132ff8        0xc c:/devkitPro/libctru/lib\libctru.a(gfx.o)
                0x00132ffc                screenFree
 .bss           0x00133004        0x0 c:/devkitPro/libctru/lib\libctru.a(os.o)
 .bss           0x00133004      0x400 c:/devkitPro/libctru/lib\libctru.a(gpu.o)
 .bss           0x00133404        0x0 c:/devkitPro/libctru/lib\libctru.a(gpuResetSequence.o)
 .bss           0x00133404        0x0 c:/devkitPro/libctru/lib\libctru.a(shaderProgram.o)
 .bss           0x00133404        0x0 c:/devkitPro/libctru/lib\libctru.a(shbin.o)
 .bss           0x00133404       0x50 c:/devkitPro/libctru/lib\libctru.a(apt.o)
                0x00133408                aptStatusEvent
                0x0013340c                aptStatus
                0x00133410                aptStatusPower
                0x00133414                aptSleepSync
                0x0013343c                aptStatusBeforeSleep
 .bss           0x00133454        0xc c:/devkitPro/libctru/lib\libctru.a(gsp.o)
                0x0013345c                gspGpuHandle
 .bss           0x00133460        0x0 c:/devkitPro/libctru/lib\libctru.a(gx.o)
 .bss           0x00133460       0x2c c:/devkitPro/libctru/lib\libctru.a(hid.o)
 .bss           0x0013348c        0xc c:/devkitPro/libctru/lib\libctru.a(irrst.o)
 .bss           0x00133498        0x0 c:/devkitPro/libctru/lib\libctru.a(rbtree_find.o)
 .bss           0x00133498        0x0 c:/devkitPro/libctru/lib\libctru.a(rbtree_init.o)
 .bss           0x00133498        0x0 c:/devkitPro/libctru/lib\libctru.a(rbtree_insert.o)
 .bss           0x00133498        0x0 c:/devkitPro/libctru/lib\libctru.a(rbtree_remove.o)
 .bss           0x00133498        0x0 c:/devkitPro/libctru/lib\libctru.a(rbtree_rotate.o)
 .bss           0x00133498        0x0 c:/devkitPro/libctru/lib\libctru.a(allocateHeaps.o)
 .bss           0x00133498        0x0 c:/devkitPro/libctru/lib\libctru.a(initArgv.o)
 .bss           0x00133498        0x0 c:/devkitPro/libctru/lib\libctru.a(svc.o)
 .bss           0x00133498        0x8 c:/devkitPro/libctru/lib\libctru.a(stack_adjust.o)
 .bss           0x001334a0        0x4 c:/devkitPro/libctru/lib\libctru.a(srv.o)
 .bss           0x001334a4        0x0 c:/devkitPro/libctru/lib\libctru.a(rbtree_iterator.o)
 .bss           0x001334a4        0x0 c:/devkitPro/libctru/lib\libctru.a(appExit.o)
 .bss           0x001334a4        0x0 c:/devkitPro/libctru/lib\libctru.a(appInit.o)
 .bss           0x001334a4        0x0 c:/devkitPro/libctru/lib\libctru.a(ctru_exit.o)
 .bss           0x001334a4        0x0 c:/devkitPro/libctru/lib\libctru.a(initSystem.o)
 .bss           0x001334a4     0x700c c:/devkitPro/libctru/lib\libctru.a(sdmc_dev.o)
 .bss           0x0013a4b0        0x8 c:/devkitPro/libctru/lib\libctru.a(fs.o)
 .bss           0x0013a4b8        0x0 c:/devkitPro/libctru/lib\libctru.a(decode_utf8.o)
 .bss           0x0013a4b8        0x0 c:/devkitPro/libctru/lib\libctru.a(utf16_to_utf8.o)
 .bss           0x0013a4b8        0x0 c:/devkitPro/libctru/lib\libctru.a(utf8_to_utf16.o)
 .bss           0x0013a4b8        0x0 c:/devkitPro/libctru/lib\libctru.a(decode_utf16.o)
 .bss           0x0013a4b8        0x0 c:/devkitPro/libctru/lib\libctru.a(encode_utf16.o)
 .bss           0x0013a4b8        0x0 c:/devkitPro/libctru/lib\libctru.a(encode_utf8.o)
 .bss           0x0013a4b8        0x0 c:/devkitpro/devkitarm/bin/../lib/gcc/arm-none-eabi/4.9.2/../../../../arm-none-eabi/lib/armv6k/fpu\libm.a(lib_a-sf_cos.o)
 .bss           0x0013a4b8        0x0 c:/devkitpro/devkitarm/bin/../lib/gcc/arm-none-eabi/4.9.2/../../../../arm-none-eabi/lib/armv6k/fpu\libm.a(lib_a-sf_sin.o)
 .bss           0x0013a4b8        0x0 c:/devkitpro/devkitarm/bin/../lib/gcc/arm-none-eabi/4.9.2/../../../../arm-none-eabi/lib/armv6k/fpu\libm.a(lib_a-ef_rem_pio2.o)
 .bss           0x0013a4b8        0x0 c:/devkitpro/devkitarm/bin/../lib/gcc/arm-none-eabi/4.9.2/../../../../arm-none-eabi/lib/armv6k/fpu\libm.a(lib_a-kf_cos.o)
 .bss           0x0013a4b8        0x0 c:/devkitpro/devkitarm/bin/../lib/gcc/arm-none-eabi/4.9.2/../../../../arm-none-eabi/lib/armv6k/fpu\libm.a(lib_a-kf_rem_pio2.o)
 .bss           0x0013a4b8        0x0 c:/devkitpro/devkitarm/bin/../lib/gcc/arm-none-eabi/4.9.2/../../../../arm-none-eabi/lib/armv6k/fpu\libm.a(lib_a-kf_sin.o)
 .bss           0x0013a4b8        0x0 c:/devkitpro/devkitarm/bin/../lib/gcc/arm-none-eabi/4.9.2/../../../../arm-none-eabi/lib/armv6k/fpu\libm.a(lib_a-sf_fabs.o)
 .bss           0x0013a4b8        0x0 c:/devkitpro/devkitarm/bin/../lib/gcc/arm-none-eabi/4.9.2/../../../../arm-none-eabi/lib/armv6k/fpu\libm.a(lib_a-sf_floor.o)
 .bss           0x0013a4b8        0x0 c:/devkitpro/devkitarm/bin/../lib/gcc/arm-none-eabi/4.9.2/../../../../arm-none-eabi/lib/armv6k/fpu\libm.a(lib_a-sf_scalbn.o)
 .bss           0x0013a4b8        0x0 c:/devkitpro/devkitarm/bin/../lib/gcc/arm-none-eabi/4.9.2/../../../../arm-none-eabi/lib/armv6k/fpu\libm.a(lib_a-sf_copysign.o)
 .bss           0x0013a4b8        0x0 c:/devkitpro/devkitarm/bin/../lib/gcc/arm-none-eabi/4.9.2/armv6k/fpu\libgcc.a(_arm_addsubsf3.o)
 .bss           0x0013a4b8        0x0 c:/devkitpro/devkitarm/bin/../lib/gcc/arm-none-eabi/4.9.2/../../../../arm-none-eabi/lib/armv6k/fpu\libg.a(lib_a-bsearch.o)
 .bss           0x0013a4b8        0x0 c:/devkitpro/devkitarm/bin/../lib/gcc/arm-none-eabi/4.9.2/../../../../arm-none-eabi/lib/armv6k/fpu\libg.a(lib_a-fini.o)
 .bss           0x0013a4b8        0x0 c:/devkitpro/devkitarm/bin/../lib/gcc/arm-none-eabi/4.9.2/../../../../arm-none-eabi/lib/armv6k/fpu\libg.a(lib_a-init.o)
 .bss           0x0013a4b8        0x0 c:/devkitpro/devkitarm/bin/../lib/gcc/arm-none-eabi/4.9.2/../../../../arm-none-eabi/lib/armv6k/fpu\libg.a(lib_a-malloc.o)
 .bss           0x0013a4b8        0x0 c:/devkitpro/devkitarm/bin/../lib/gcc/arm-none-eabi/4.9.2/../../../../arm-none-eabi/lib/armv6k/fpu\libg.a(lib_a-mallocr.o)
 .bss           0x0013a4b8        0x0 c:/devkitpro/devkitarm/bin/../lib/gcc/arm-none-eabi/4.9.2/../../../../arm-none-eabi/lib/armv6k/fpu\libg.a(lib_a-memcpy.o)
 .bss           0x0013a4b8        0x0 c:/devkitpro/devkitarm/bin/../lib/gcc/arm-none-eabi/4.9.2/../../../../arm-none-eabi/lib/armv6k/fpu\libg.a(lib_a-memset.o)
 .bss           0x0013a4b8        0x0 c:/devkitpro/devkitarm/bin/../lib/gcc/arm-none-eabi/4.9.2/../../../../arm-none-eabi/lib/armv6k/fpu\libg.a(lib_a-mlock.o)
 .bss           0x0013a4b8        0x0 c:/devkitpro/devkitarm/bin/../lib/gcc/arm-none-eabi/4.9.2/../../../../arm-none-eabi/lib/armv6k/fpu\libg.a(lib_a-rand.o)
 .bss           0x0013a4b8        0x0 c:/devkitpro/devkitarm/bin/../lib/gcc/arm-none-eabi/4.9.2/../../../../arm-none-eabi/lib/armv6k/fpu\libg.a(lib_a-strcmp.o)
 .bss           0x0013a4b8        0x0 c:/devkitpro/devkitarm/bin/../lib/gcc/arm-none-eabi/4.9.2/../../../../arm-none-eabi/lib/armv6k/fpu\libg.a(lib_a-strcpy.o)
 .bss           0x0013a4b8        0x0 c:/devkitpro/devkitarm/bin/../lib/gcc/arm-none-eabi/4.9.2/../../../../arm-none-eabi/lib/armv6k/fpu\libg.a(lib_a-strlen.o)
 .bss           0x0013a4b8        0x0 c:/devkitpro/devkitarm/bin/../lib/gcc/arm-none-eabi/4.9.2/../../../../arm-none-eabi/lib/armv6k/fpu\libg.a(lib_a-strncat.o)
 .bss           0x0013a4b8        0x0 c:/devkitpro/devkitarm/bin/../lib/gcc/arm-none-eabi/4.9.2/../../../../arm-none-eabi/lib/armv6k/fpu\libg.a(lib_a-strncpy.o)
 .bss           0x0013a4b8        0x0 c:/devkitpro/devkitarm/bin/../lib/gcc/arm-none-eabi/4.9.2/../../../../arm-none-eabi/lib/armv6k/fpu\libg.a(lib_a-time.o)
 .bss           0x0013a4b8        0x0 c:/devkitpro/devkitarm/bin/../lib/gcc/arm-none-eabi/4.9.2/../../../../arm-none-eabi/lib/armv6k/fpu\libg.a(lib_a-freer.o)
 .bss           0x0013a4b8        0x0 c:/devkitpro/devkitarm/bin/../lib/gcc/arm-none-eabi/4.9.2/../../../../arm-none-eabi/lib/armv6k/fpu\libsysbase.a(iosupport.o)
 .bss           0x0013a4b8        0x0 c:/devkitpro/devkitarm/bin/../lib/gcc/arm-none-eabi/4.9.2/../../../../arm-none-eabi/lib/armv6k/fpu\libsysbase.a(gettod.o)
 .bss           0x0013a4b8        0x4 c:/devkitpro/devkitarm/bin/../lib/gcc/arm-none-eabi/4.9.2/../../../../arm-none-eabi/lib/armv6k/fpu\libsysbase.a(sbrk.o)
 .bss           0x0013a4bc        0x8 c:/devkitpro/devkitarm/bin/../lib/gcc/arm-none-eabi/4.9.2/../../../../arm-none-eabi/lib/armv6k/fpu\libsysbase.a(malloc_vars.o)
                0x0013a4bc                fake_heap_start
                0x0013a4c0                fake_heap_end
 .bss           0x0013a4c4     0x1000 c:/devkitpro/devkitarm/bin/../lib/gcc/arm-none-eabi/4.9.2/../../../../arm-none-eabi/lib/armv6k/fpu\libsysbase.a(chdir.o)
 .bss           0x0013b4c4       0x40 c:/devkitpro/devkitarm/bin/../lib/gcc/arm-none-eabi/4.9.2/../../../../arm-none-eabi/lib/armv6k/fpu\libsysbase.a(syscall_support.o)
                0x0013b4c4                __syscalls
 .bss           0x0013b504        0x0 c:/devkitpro/devkitarm/bin/../lib/gcc/arm-none-eabi/4.9.2/../../../../arm-none-eabi/lib/armv6k/fpu\libsysbase.a(getreent.o)
 .bss           0x0013b504        0x0 c:/devkitpro/devkitarm/bin/../lib/gcc/arm-none-eabi/4.9.2/../../../../arm-none-eabi/lib/armv6k/fpu\libg.a(lib_a-impure.o)
 .bss           0x0013b504        0x0 c:/devkitpro/devkitarm/bin/../lib/gcc/arm-none-eabi/4.9.2/../../../../arm-none-eabi/lib/armv6k/fpu\libg.a(lib_a-strchr.o)
 .bss           0x0013b504        0x0 c:/devkitpro/devkitarm/bin/../lib/gcc/arm-none-eabi/4.9.2/../../../../arm-none-eabi/lib/armv6k/fpu\libg.a(lib_a-strncmp.o)
 .bss           0x0013b504        0x0 c:/devkitpro/devkitarm/bin/../lib/gcc/arm-none-eabi/4.9.2/../../../../arm-none-eabi/lib/armv6k/fpu\libg.a(lib_a-strnlen.o)
 .bss           0x0013b504        0x0 c:/devkitpro/devkitarm/bin/../lib/gcc/arm-none-eabi/4.9.2/../../../../arm-none-eabi/lib/armv6k/fpu\libg.a(lib_a-strrchr.o)
 .bss           0x0013b504        0x0 c:/devkitpro/devkitarm/bin/../lib/gcc/arm-none-eabi/4.9.2/armv6k/fpu/crtend.o
 .bss           0x0013b504        0x0 c:/devkitpro/devkitarm/bin/../lib/gcc/arm-none-eabi/4.9.2/armv6k/fpu/crtn.o
 *(.bss.*)
 .bss.__malloc_max_total_mem
                0x0013b504        0x4 c:/devkitpro/devkitarm/bin/../lib/gcc/arm-none-eabi/4.9.2/../../../../arm-none-eabi/lib/armv6k/fpu\libg.a(lib_a-mallocr.o)
                0x0013b504                __malloc_max_total_mem
 .bss.__malloc_max_sbrked_mem
                0x0013b508        0x4 c:/devkitpro/devkitarm/bin/../lib/gcc/arm-none-eabi/4.9.2/../../../../arm-none-eabi/lib/armv6k/fpu\libg.a(lib_a-mallocr.o)
                0x0013b508                __malloc_max_sbrked_mem
 .bss.__malloc_top_pad
                0x0013b50c        0x4 c:/devkitpro/devkitarm/bin/../lib/gcc/arm-none-eabi/4.9.2/../../../../arm-none-eabi/lib/armv6k/fpu\libg.a(lib_a-mallocr.o)
                0x0013b50c                __malloc_top_pad
 .bss.__malloc_current_mallinfo
                0x0013b510       0x28 c:/devkitpro/devkitarm/bin/../lib/gcc/arm-none-eabi/4.9.2/../../../../arm-none-eabi/lib/armv6k/fpu\libg.a(lib_a-mallocr.o)
                0x0013b510                __malloc_current_mallinfo
 *(.gnu.linkonce.b*)
 *(COMMON)
 COMMON         0x0013b538       0x60 c:/devkitPro/libctru/lib\libctru.a(gfx.o)
                0x0013b538                gfxBottomFramebuffers
                0x0013b540                gspSharedMemHandle
                0x0013b544                bottomFramebufferInfo
                0x0013b560                gspEvent
                0x0013b564                gfxTopLeftFramebuffers
                0x0013b56c                gfxTopRightFramebuffers
                0x0013b574                topFramebufferInfo
                0x0013b590                gfxThreadID
                0x0013b594                gfxSharedMemory
 COMMON         0x0013b598        0xc c:/devkitPro/libctru/lib\libctru.a(gpu.o)
                0x0013b598                gpuCmdBuf
                0x0013b59c                gpuCmdBufOffset
                0x0013b5a0                gpuCmdBufSize
 *fill*         0x0013b5a4        0x4 
 COMMON         0x0013b5a8     0x2022 c:/devkitPro/libctru/lib\libctru.a(apt.o)
                0x0013b5a8                aptEventHandlerThread
                0x0013b5ac                aptParameters
                0x0013c5b0                aptEventHandlerStack
                0x0013d5b0                aptuHandle
                0x0013d5b4                aptEvents
                0x0013d5c0                aptStatusMutex
                0x0013d5c4                aptLockHandle
                0x0013d5c8                currentAppId
 *fill*         0x0013d5ca        0x6 
 COMMON         0x0013d5d0     0x103d c:/devkitPro/libctru/lib\libctru.a(gsp.o)
                0x0013d5d0                gspEventStack
                0x0013e5d0                gspEventThread
                0x0013e5d4                gspEventCounts
                0x0013e5f0                gspEvents
                0x0013e60c                gspRunEvents
 *fill*         0x0013e60d        0x3 
 COMMON         0x0013e610        0x4 c:/devkitPro/libctru/lib\libctru.a(gx.o)
                0x0013e610                gxCmdBuf
 COMMON         0x0013e614       0x20 c:/devkitPro/libctru/lib\libctru.a(hid.o)
                0x0013e614                hidMemHandle
                0x0013e618                hidHandle
                0x0013e61c                hidSharedMem
                0x0013e620                hidEvents
 COMMON         0x0013e634       0x10 c:/devkitPro/libctru/lib\libctru.a(irrst.o)
                0x0013e634                irrstHandle
                0x0013e638                irrstEvent
                0x0013e63c                irrstMemHandle
                0x0013e640                irrstSharedMem
 COMMON         0x0013e644        0x8 c:/devkitPro/libctru/lib\libctru.a(allocateHeaps.o)
                0x0013e644                __heapBase
                0x0013e648                __linear_heap
 COMMON         0x0013e64c        0x8 c:/devkitPro/libctru/lib\libctru.a(initArgv.o)
                0x0013e64c                __system_argv
                0x0013e650                __system_argc
 COMMON         0x0013e654        0x4 c:/devkitPro/libctru/lib\libctru.a(initSystem.o)
                0x0013e654                __system_retAddr
                0x0013e658                . = ALIGN (0x4)
                0x0013e658                __bss_end__ = .
                0x0013e658                __end__ = ABSOLUTE (.)

/DISCARD/
 *(.group .comment .note)

.stab
 *(.stab)

.stabstr
 *(.stabstr)

.stab.excl
 *(.stab.excl)

.stab.exclstr
 *(.stab.exclstr)

.stab.index
 *(.stab.index)

.stab.indexstr
 *(.stab.indexstr)

.debug
 *(.debug)

.line
 *(.line)

.debug_srcinfo
 *(.debug_srcinfo)

.debug_sfnames
 *(.debug_sfnames)

.debug_aranges  0x00000000      0x548
 *(.debug_aranges)
 .debug_aranges
                0x00000000       0x20 main.o
 .debug_aranges
                0x00000020       0x18 citra_img.o
 .debug_aranges
                0x00000038       0x18 dice_img.o
 .debug_aranges
                0x00000050       0x20 c:/devkitPro/libctru/lib\libsf2d.a(sf2d.o)
 .debug_aranges
                0x00000070       0x20 c:/devkitPro/libctru/lib\libsf2d.a(sf2d_draw.o)
 .debug_aranges
                0x00000090       0x20 c:/devkitPro/libctru/lib\libsf2d.a(sf2d_private.o)
 .debug_aranges
                0x000000b0       0x20 c:/devkitPro/libctru/lib\libctru.a(linear.o)
 .debug_aranges
                0x000000d0       0x20 c:/devkitPro/libctru/lib\libctru.a(mem_pool.o)
 .debug_aranges
                0x000000f0       0x20 c:/devkitPro/libctru/lib\libctru.a(vram.o)
 .debug_aranges
                0x00000110       0x20 c:/devkitPro/libctru/lib\libctru.a(gfx.o)
 .debug_aranges
                0x00000130       0x20 c:/devkitPro/libctru/lib\libctru.a(os.o)
 .debug_aranges
                0x00000150       0x20 c:/devkitPro/libctru/lib\libctru.a(gpu.o)
 .debug_aranges
                0x00000170       0x18 c:/devkitPro/libctru/lib\libctru.a(gpuResetSequence.o)
 .debug_aranges
                0x00000188       0x20 c:/devkitPro/libctru/lib\libctru.a(shaderProgram.o)
 .debug_aranges
                0x000001a8       0x20 c:/devkitPro/libctru/lib\libctru.a(shbin.o)
 .debug_aranges
                0x000001c8       0x20 c:/devkitPro/libctru/lib\libctru.a(apt.o)
 .debug_aranges
                0x000001e8       0x20 c:/devkitPro/libctru/lib\libctru.a(gsp.o)
 .debug_aranges
                0x00000208       0x20 c:/devkitPro/libctru/lib\libctru.a(gx.o)
 .debug_aranges
                0x00000228       0x20 c:/devkitPro/libctru/lib\libctru.a(hid.o)
 .debug_aranges
                0x00000248       0x20 c:/devkitPro/libctru/lib\libctru.a(irrst.o)
 .debug_aranges
                0x00000268       0x20 c:/devkitPro/libctru/lib\libctru.a(rbtree_find.o)
 .debug_aranges
                0x00000288       0x20 c:/devkitPro/libctru/lib\libctru.a(rbtree_init.o)
 .debug_aranges
                0x000002a8       0x20 c:/devkitPro/libctru/lib\libctru.a(rbtree_insert.o)
 .debug_aranges
                0x000002c8       0x20 c:/devkitPro/libctru/lib\libctru.a(rbtree_remove.o)
 .debug_aranges
                0x000002e8       0x20 c:/devkitPro/libctru/lib\libctru.a(rbtree_rotate.o)
 .debug_aranges
                0x00000308       0x20 c:/devkitPro/libctru/lib\libctru.a(allocateHeaps.o)
 .debug_aranges
                0x00000328       0x20 c:/devkitPro/libctru/lib\libctru.a(initArgv.o)
 .debug_aranges
                0x00000348       0x20 c:/devkitPro/libctru/lib\libctru.a(svc.o)
 .debug_aranges
                0x00000368       0x20 c:/devkitPro/libctru/lib\libctru.a(stack_adjust.o)
 .debug_aranges
                0x00000388       0x20 c:/devkitPro/libctru/lib\libctru.a(srv.o)
 .debug_aranges
                0x000003a8       0x20 c:/devkitPro/libctru/lib\libctru.a(rbtree_iterator.o)
 .debug_aranges
                0x000003c8       0x20 c:/devkitPro/libctru/lib\libctru.a(appExit.o)
 .debug_aranges
                0x000003e8       0x20 c:/devkitPro/libctru/lib\libctru.a(appInit.o)
 .debug_aranges
                0x00000408       0x20 c:/devkitPro/libctru/lib\libctru.a(ctru_exit.o)
 .debug_aranges
                0x00000428       0x20 c:/devkitPro/libctru/lib\libctru.a(initSystem.o)
 .debug_aranges
                0x00000448       0x20 c:/devkitPro/libctru/lib\libctru.a(sdmc_dev.o)
 .debug_aranges
                0x00000468       0x20 c:/devkitPro/libctru/lib\libctru.a(fs.o)
 .debug_aranges
                0x00000488       0x20 c:/devkitPro/libctru/lib\libctru.a(decode_utf8.o)
 .debug_aranges
                0x000004a8       0x20 c:/devkitPro/libctru/lib\libctru.a(utf16_to_utf8.o)
 .debug_aranges
                0x000004c8       0x20 c:/devkitPro/libctru/lib\libctru.a(utf8_to_utf16.o)
 .debug_aranges
                0x000004e8       0x20 c:/devkitPro/libctru/lib\libctru.a(decode_utf16.o)
 .debug_aranges
                0x00000508       0x20 c:/devkitPro/libctru/lib\libctru.a(encode_utf16.o)
 .debug_aranges
                0x00000528       0x20 c:/devkitPro/libctru/lib\libctru.a(encode_utf8.o)

.debug_pubnames
 *(.debug_pubnames)

.debug_info     0x00000000    0x175af
 *(.debug_info)
 .debug_info    0x00000000      0x71c main.o
 .debug_info    0x0000071c       0x94 citra_img.o
 .debug_info    0x000007b0       0x94 dice_img.o
 .debug_info    0x00000844     0x15d0 c:/devkitPro/libctru/lib\libsf2d.a(sf2d.o)
 .debug_info    0x00001e14      0xa0b c:/devkitPro/libctru/lib\libsf2d.a(sf2d_draw.o)
 .debug_info    0x0000281f      0x7b8 c:/devkitPro/libctru/lib\libsf2d.a(sf2d_private.o)
 .debug_info    0x00002fd7      0x974 c:/devkitPro/libctru/lib\libctru.a(linear.o)
 .debug_info    0x0000394b      0x8f7 c:/devkitPro/libctru/lib\libctru.a(mem_pool.o)
 .debug_info    0x00004242      0x95e c:/devkitPro/libctru/lib\libctru.a(vram.o)
 .debug_info    0x00004ba0      0xd80 c:/devkitPro/libctru/lib\libctru.a(gfx.o)
 .debug_info    0x00005920      0xbf2 c:/devkitPro/libctru/lib\libctru.a(os.o)
 .debug_info    0x00006512     0x2900 c:/devkitPro/libctru/lib\libctru.a(gpu.o)
 .debug_info    0x00008e12       0xbb c:/devkitPro/libctru/lib\libctru.a(gpuResetSequence.o)
 .debug_info    0x00008ecd      0xc88 c:/devkitPro/libctru/lib\libctru.a(shaderProgram.o)
 .debug_info    0x00009b55      0x6ef c:/devkitPro/libctru/lib\libctru.a(shbin.o)
 .debug_info    0x0000a244     0x2e63 c:/devkitPro/libctru/lib\libctru.a(apt.o)
 .debug_info    0x0000d0a7     0x10db c:/devkitPro/libctru/lib\libctru.a(gsp.o)
 .debug_info    0x0000e182      0x4e7 c:/devkitPro/libctru/lib\libctru.a(gx.o)
 .debug_info    0x0000e669      0xe08 c:/devkitPro/libctru/lib\libctru.a(hid.o)
 .debug_info    0x0000f471      0x719 c:/devkitPro/libctru/lib\libctru.a(irrst.o)
 .debug_info    0x0000fb8a      0x1c9 c:/devkitPro/libctru/lib\libctru.a(rbtree_find.o)
 .debug_info    0x0000fd53      0x178 c:/devkitPro/libctru/lib\libctru.a(rbtree_init.o)
 .debug_info    0x0000fecb      0x60c c:/devkitPro/libctru/lib\libctru.a(rbtree_insert.o)
 .debug_info    0x000104d7      0x838 c:/devkitPro/libctru/lib\libctru.a(rbtree_remove.o)
 .debug_info    0x00010d0f      0x2ec c:/devkitPro/libctru/lib\libctru.a(rbtree_rotate.o)
 .debug_info    0x00010ffb      0x23f c:/devkitPro/libctru/lib\libctru.a(allocateHeaps.o)
 .debug_info    0x0001123a      0x165 c:/devkitPro/libctru/lib\libctru.a(initArgv.o)
 .debug_info    0x0001139f       0x7f c:/devkitPro/libctru/lib\libctru.a(svc.o)
 .debug_info    0x0001141e       0x8f c:/devkitPro/libctru/lib\libctru.a(stack_adjust.o)
 .debug_info    0x000114ad      0x693 c:/devkitPro/libctru/lib\libctru.a(srv.o)
 .debug_info    0x00011b40      0x2a3 c:/devkitPro/libctru/lib\libctru.a(rbtree_iterator.o)
 .debug_info    0x00011de3      0x11b c:/devkitPro/libctru/lib\libctru.a(appExit.o)
 .debug_info    0x00011efe      0x15c c:/devkitPro/libctru/lib\libctru.a(appInit.o)
 .debug_info    0x0001205a      0x243 c:/devkitPro/libctru/lib\libctru.a(ctru_exit.o)
 .debug_info    0x0001229d      0xacb c:/devkitPro/libctru/lib\libctru.a(initSystem.o)
 .debug_info    0x00012d68     0x29f7 c:/devkitPro/libctru/lib\libctru.a(sdmc_dev.o)
 .debug_info    0x0001575f     0x165c c:/devkitPro/libctru/lib\libctru.a(fs.o)
 .debug_info    0x00016dbb      0x13c c:/devkitPro/libctru/lib\libctru.a(decode_utf8.o)
 .debug_info    0x00016ef7      0x1d9 c:/devkitPro/libctru/lib\libctru.a(utf16_to_utf8.o)
 .debug_info    0x000170d0      0x1d9 c:/devkitPro/libctru/lib\libctru.a(utf8_to_utf16.o)
 .debug_info    0x000172a9      0x11c c:/devkitPro/libctru/lib\libctru.a(decode_utf16.o)
 .debug_info    0x000173c5       0xf5 c:/devkitPro/libctru/lib\libctru.a(encode_utf16.o)
 .debug_info    0x000174ba       0xf5 c:/devkitPro/libctru/lib\libctru.a(encode_utf8.o)

.debug_abbrev   0x00000000     0x4a36
 *(.debug_abbrev)
 .debug_abbrev  0x00000000      0x1e0 main.o
 .debug_abbrev  0x000001e0       0x5f citra_img.o
 .debug_abbrev  0x0000023f       0x5f dice_img.o
 .debug_abbrev  0x0000029e      0x338 c:/devkitPro/libctru/lib\libsf2d.a(sf2d.o)
 .debug_abbrev  0x000005d6      0x18f c:/devkitPro/libctru/lib\libsf2d.a(sf2d_draw.o)
 .debug_abbrev  0x00000765      0x20e c:/devkitPro/libctru/lib\libsf2d.a(sf2d_private.o)
 .debug_abbrev  0x00000973      0x30f c:/devkitPro/libctru/lib\libctru.a(linear.o)
 .debug_abbrev  0x00000c82      0x29e c:/devkitPro/libctru/lib\libctru.a(mem_pool.o)
 .debug_abbrev  0x00000f20      0x2fe c:/devkitPro/libctru/lib\libctru.a(vram.o)
 .debug_abbrev  0x0000121e      0x30b c:/devkitPro/libctru/lib\libctru.a(gfx.o)
 .debug_abbrev  0x00001529      0x2b3 c:/devkitPro/libctru/lib\libctru.a(os.o)
 .debug_abbrev  0x000017dc      0x37e c:/devkitPro/libctru/lib\libctru.a(gpu.o)
 .debug_abbrev  0x00001b5a       0x61 c:/devkitPro/libctru/lib\libctru.a(gpuResetSequence.o)
 .debug_abbrev  0x00001bbb      0x232 c:/devkitPro/libctru/lib\libctru.a(shaderProgram.o)
 .debug_abbrev  0x00001ded      0x246 c:/devkitPro/libctru/lib\libctru.a(shbin.o)
 .debug_abbrev  0x00002033      0x3fe c:/devkitPro/libctru/lib\libctru.a(apt.o)
 .debug_abbrev  0x00002431      0x334 c:/devkitPro/libctru/lib\libctru.a(gsp.o)
 .debug_abbrev  0x00002765       0xf9 c:/devkitPro/libctru/lib\libctru.a(gx.o)
 .debug_abbrev  0x0000285e      0x355 c:/devkitPro/libctru/lib\libctru.a(hid.o)
 .debug_abbrev  0x00002bb3      0x295 c:/devkitPro/libctru/lib\libctru.a(irrst.o)
 .debug_abbrev  0x00002e48       0xec c:/devkitPro/libctru/lib\libctru.a(rbtree_find.o)
 .debug_abbrev  0x00002f34       0xb0 c:/devkitPro/libctru/lib\libctru.a(rbtree_init.o)
 .debug_abbrev  0x00002fe4      0x21d c:/devkitPro/libctru/lib\libctru.a(rbtree_insert.o)
 .debug_abbrev  0x00003201      0x205 c:/devkitPro/libctru/lib\libctru.a(rbtree_remove.o)
 .debug_abbrev  0x00003406      0x170 c:/devkitPro/libctru/lib\libctru.a(rbtree_rotate.o)
 .debug_abbrev  0x00003576       0xea c:/devkitPro/libctru/lib\libctru.a(allocateHeaps.o)
 .debug_abbrev  0x00003660       0xdb c:/devkitPro/libctru/lib\libctru.a(initArgv.o)
 .debug_abbrev  0x0000373b       0x14 c:/devkitPro/libctru/lib\libctru.a(svc.o)
 .debug_abbrev  0x0000374f       0x14 c:/devkitPro/libctru/lib\libctru.a(stack_adjust.o)
 .debug_abbrev  0x00003763      0x240 c:/devkitPro/libctru/lib\libctru.a(srv.o)
 .debug_abbrev  0x000039a3      0x163 c:/devkitPro/libctru/lib\libctru.a(rbtree_iterator.o)
 .debug_abbrev  0x00003b06       0xad c:/devkitPro/libctru/lib\libctru.a(appExit.o)
 .debug_abbrev  0x00003bb3       0xdc c:/devkitPro/libctru/lib\libctru.a(appInit.o)
 .debug_abbrev  0x00003c8f      0x116 c:/devkitPro/libctru/lib\libctru.a(ctru_exit.o)
 .debug_abbrev  0x00003da5      0x1f4 c:/devkitPro/libctru/lib\libctru.a(initSystem.o)
 .debug_abbrev  0x00003f99      0x3fa c:/devkitPro/libctru/lib\libctru.a(sdmc_dev.o)
 .debug_abbrev  0x00004393      0x2c0 c:/devkitPro/libctru/lib\libctru.a(fs.o)
 .debug_abbrev  0x00004653       0x7f c:/devkitPro/libctru/lib\libctru.a(decode_utf8.o)
 .debug_abbrev  0x000046d2      0x102 c:/devkitPro/libctru/lib\libctru.a(utf16_to_utf8.o)
 .debug_abbrev  0x000047d4      0x102 c:/devkitPro/libctru/lib\libctru.a(utf8_to_utf16.o)
 .debug_abbrev  0x000048d6       0x8e c:/devkitPro/libctru/lib\libctru.a(decode_utf16.o)
 .debug_abbrev  0x00004964       0x69 c:/devkitPro/libctru/lib\libctru.a(encode_utf16.o)
 .debug_abbrev  0x000049cd       0x69 c:/devkitPro/libctru/lib\libctru.a(encode_utf8.o)

.debug_line     0x00000000     0x6389
 *(.debug_line)
 .debug_line    0x00000000      0x2c5 main.o
 .debug_line    0x000002c5       0x64 citra_img.o
 .debug_line    0x00000329       0x63 dice_img.o
 .debug_line    0x0000038c      0x39f c:/devkitPro/libctru/lib\libsf2d.a(sf2d.o)
 .debug_line    0x0000072b      0x32c c:/devkitPro/libctru/lib\libsf2d.a(sf2d_draw.o)
 .debug_line    0x00000a57      0x2b8 c:/devkitPro/libctru/lib\libsf2d.a(sf2d_private.o)
 .debug_line    0x00000d0f      0x263 c:/devkitPro/libctru/lib\libctru.a(linear.o)
 .debug_line    0x00000f72      0x2c5 c:/devkitPro/libctru/lib\libctru.a(mem_pool.o)
 .debug_line    0x00001237      0x260 c:/devkitPro/libctru/lib\libctru.a(vram.o)
 .debug_line    0x00001497      0x2d5 c:/devkitPro/libctru/lib\libctru.a(gfx.o)
 .debug_line    0x0000176c      0x254 c:/devkitPro/libctru/lib\libctru.a(os.o)
 .debug_line    0x000019c0      0x48f c:/devkitPro/libctru/lib\libctru.a(gpu.o)
 .debug_line    0x00001e4f      0x121 c:/devkitPro/libctru/lib\libctru.a(gpuResetSequence.o)
 .debug_line    0x00001f70      0x335 c:/devkitPro/libctru/lib\libctru.a(shaderProgram.o)
 .debug_line    0x000022a5      0x2e0 c:/devkitPro/libctru/lib\libctru.a(shbin.o)
 .debug_line    0x00002585      0x6cb c:/devkitPro/libctru/lib\libctru.a(apt.o)
 .debug_line    0x00002c50      0x3a2 c:/devkitPro/libctru/lib\libctru.a(gsp.o)
 .debug_line    0x00002ff2      0x20b c:/devkitPro/libctru/lib\libctru.a(gx.o)
 .debug_line    0x000031fd      0x2d3 c:/devkitPro/libctru/lib\libctru.a(hid.o)
 .debug_line    0x000034d0      0x227 c:/devkitPro/libctru/lib\libctru.a(irrst.o)
 .debug_line    0x000036f7      0x196 c:/devkitPro/libctru/lib\libctru.a(rbtree_find.o)
 .debug_line    0x0000388d      0x184 c:/devkitPro/libctru/lib\libctru.a(rbtree_init.o)
 .debug_line    0x00003a11      0x24e c:/devkitPro/libctru/lib\libctru.a(rbtree_insert.o)
 .debug_line    0x00003c5f      0x2ef c:/devkitPro/libctru/lib\libctru.a(rbtree_remove.o)
 .debug_line    0x00003f4e      0x1df c:/devkitPro/libctru/lib\libctru.a(rbtree_rotate.o)
 .debug_line    0x0000412d      0x14c c:/devkitPro/libctru/lib\libctru.a(allocateHeaps.o)
 .debug_line    0x00004279      0x179 c:/devkitPro/libctru/lib\libctru.a(initArgv.o)
 .debug_line    0x000043f2      0x123 c:/devkitPro/libctru/lib\libctru.a(svc.o)
 .debug_line    0x00004515       0x87 c:/devkitPro/libctru/lib\libctru.a(stack_adjust.o)
 .debug_line    0x0000459c      0x236 c:/devkitPro/libctru/lib\libctru.a(srv.o)
 .debug_line    0x000047d2      0x179 c:/devkitPro/libctru/lib\libctru.a(rbtree_iterator.o)
 .debug_line    0x0000494b      0x193 c:/devkitPro/libctru/lib\libctru.a(appExit.o)
 .debug_line    0x00004ade      0x193 c:/devkitPro/libctru/lib\libctru.a(appInit.o)
 .debug_line    0x00004c71      0x142 c:/devkitPro/libctru/lib\libctru.a(ctru_exit.o)
 .debug_line    0x00004db3      0x138 c:/devkitPro/libctru/lib\libctru.a(initSystem.o)
 .debug_line    0x00004eeb      0x5c7 c:/devkitPro/libctru/lib\libctru.a(sdmc_dev.o)
 .debug_line    0x000054b2      0x56b c:/devkitPro/libctru/lib\libctru.a(fs.o)
 .debug_line    0x00005a1d      0x177 c:/devkitPro/libctru/lib\libctru.a(decode_utf8.o)
 .debug_line    0x00005b94      0x1f3 c:/devkitPro/libctru/lib\libctru.a(utf16_to_utf8.o)
 .debug_line    0x00005d87      0x1e9 c:/devkitPro/libctru/lib\libctru.a(utf8_to_utf16.o)
 .debug_line    0x00005f70      0x14a c:/devkitPro/libctru/lib\libctru.a(decode_utf16.o)
 .debug_line    0x000060ba      0x154 c:/devkitPro/libctru/lib\libctru.a(encode_utf16.o)
 .debug_line    0x0000620e      0x17b c:/devkitPro/libctru/lib\libctru.a(encode_utf8.o)

.debug_frame    0x00000000     0x2810
 *(.debug_frame)
 .debug_frame   0x00000000       0x54 main.o
 .debug_frame   0x00000054      0x1d0 c:/devkitPro/libctru/lib\libsf2d.a(sf2d.o)
 .debug_frame   0x00000224       0xe4 c:/devkitPro/libctru/lib\libsf2d.a(sf2d_draw.o)
 .debug_frame   0x00000308      0x158 c:/devkitPro/libctru/lib\libsf2d.a(sf2d_private.o)
 .debug_frame   0x00000460       0xc0 c:/devkitPro/libctru/lib\libctru.a(linear.o)
 .debug_frame   0x00000520       0x90 c:/devkitPro/libctru/lib\libctru.a(mem_pool.o)
 .debug_frame   0x000005b0       0xb4 c:/devkitPro/libctru/lib\libctru.a(vram.o)
 .debug_frame   0x00000664      0x16c c:/devkitPro/libctru/lib\libctru.a(gfx.o)
 .debug_frame   0x000007d0       0xc4 c:/devkitPro/libctru/lib\libctru.a(os.o)
 .debug_frame   0x00000894      0x49c c:/devkitPro/libctru/lib\libctru.a(gpu.o)
 .debug_frame   0x00000d30      0x16c c:/devkitPro/libctru/lib\libctru.a(shaderProgram.o)
 .debug_frame   0x00000e9c       0xa4 c:/devkitPro/libctru/lib\libctru.a(shbin.o)
 .debug_frame   0x00000f40      0x5f8 c:/devkitPro/libctru/lib\libctru.a(apt.o)
 .debug_frame   0x00001538      0x27c c:/devkitPro/libctru/lib\libctru.a(gsp.o)
 .debug_frame   0x000017b4       0xf0 c:/devkitPro/libctru/lib\libctru.a(gx.o)
 .debug_frame   0x000018a4      0x1fc c:/devkitPro/libctru/lib\libctru.a(hid.o)
 .debug_frame   0x00001aa0      0x11c c:/devkitPro/libctru/lib\libctru.a(irrst.o)
 .debug_frame   0x00001bbc       0x30 c:/devkitPro/libctru/lib\libctru.a(rbtree_find.o)
 .debug_frame   0x00001bec       0x20 c:/devkitPro/libctru/lib\libctru.a(rbtree_init.o)
 .debug_frame   0x00001c0c       0x54 c:/devkitPro/libctru/lib\libctru.a(rbtree_insert.o)
 .debug_frame   0x00001c60       0x38 c:/devkitPro/libctru/lib\libctru.a(rbtree_remove.o)
 .debug_frame   0x00001c98       0x2c c:/devkitPro/libctru/lib\libctru.a(rbtree_rotate.o)
 .debug_frame   0x00001cc4       0x34 c:/devkitPro/libctru/lib\libctru.a(allocateHeaps.o)